<html>
<body>
<pre>
<h1>µVision Build Log</h1>
<h2>Tool Versions:</h2>
IDE-Version: µVision V5.23.0.0
Copyright (C) 2017 ARM Ltd and ARM Germany GmbH. All rights reserved.
License Information: fga dfgh, dcghi, LIC=1WS63-ASI7F-77WRP-MNCCK-27WGA-E9RDX
 
Tool Versions:
Toolchain:       MDK-ARM Professional  Version: 5.23
Toolchain Path:  C:\Keil_v5\ARM\ARMCC\Bin
C Compiler:      Armcc.exe V5.06 update 4 (build 422)
Assembler:       Armasm.exe V5.06 update 4 (build 422)
Linker/Locator:  ArmLink.exe V5.06 update 4 (build 422)
Library Manager: ArmAr.exe V5.06 update 4 (build 422)
Hex Converter:   FromElf.exe V5.06 update 4 (build 422)
CPU DLL:         SARMCM3.DLL V5.23
Dialog DLL:      DARMCM1.DLL V1.17.0.0
Target DLL:      STLink\ST-LINKIII-KEIL_SWO.dll V2.0.18.0
Dialog DLL:      TARMCM1.DLL V1.12.0.0
 
<h2>Project:</h2>
C:\Users\Drawing\Desktop\Gas_Cooler\MDK-ARM\Gas_Cooler.uvprojx
Project File Date:  01/04/2021

<h2>Output:</h2>
*** Using Compiler 'V5.06 update 4 (build 422)', folder: 'C:\Keil_v5\ARM\ARMCC\Bin'
Build target 'Gas_Cooler'
compiling main.c...
../Core/Src/main.c(109): warning:  #1295-D: Deprecated declaration swing_process - give arg types
  void swing_process();
../Core/Src/main.c(613): warning:  #188-D: enumerated type mixed with another type
  					HAL_GPIO_WritePin(
wing_M_1_GPIO_Port,
wing_M_1_Pin,(swing_info.dir==1)?swing_loop_count%4==0:swing_loop_count%4==3);
../Core/Src/main.c(614): warning:  #188-D: enumerated type mixed with another type
  					HAL_GPIO_WritePin(
wing_M_2_GPIO_Port,
wing_M_2_Pin,(swing_info.dir==1)?swing_loop_count%4==1:swing_loop_count%4==2);
../Core/Src/main.c(615): warning:  #188-D: enumerated type mixed with another type
  					HAL_GPIO_WritePin(
wing_M_3_GPIO_Port,
wing_M_3_Pin,(swing_info.dir==1)?swing_loop_count%4==2:swing_loop_count%4==1);
../Core/Src/main.c(616): warning:  #188-D: enumerated type mixed with another type
  					HAL_GPIO_WritePin(
wing_M_4_GPIO_Port,
wing_M_4_Pin,(swing_info.dir==1)?swing_loop_count%4==3:swing_loop_count%4==0);
../Core/Src/main.c(678): warning:  #188-D: enumerated type mixed with another type
  				HAL_GPIO_WritePin(
low_M_1_GPIO_Port,
low_M_1_Pin,(air_flow_loop_count<300*3)?(air_flow_loop_count%4==0):air_flow_loop_count%4==3);
../Core/Src/main.c(679): warning:  #188-D: enumerated type mixed with another type
  				HAL_GPIO_WritePin(
low_M_2_GPIO_Port,
low_M_2_Pin,(air_flow_loop_count<300*3)?(air_flow_loop_count%4==1):air_flow_loop_count%4==2);
../Core/Src/main.c(680): warning:  #188-D: enumerated type mixed with another type
  				HAL_GPIO_WritePin(
low_M_3_GPIO_Port,
low_M_3_Pin,(air_flow_loop_count<300*3)?(air_flow_loop_count%4==2):air_flow_loop_count%4==1);
../Core/Src/main.c(681): warning:  #188-D: enumerated type mixed with another type
  				HAL_GPIO_WritePin(
low_M_4_GPIO_Port,
low_M_4_Pin,(air_flow_loop_count<300*3)?(air_flow_loop_count%4==3):air_flow_loop_count%4==0);
../Core/Src/main.c(743): warning:  #177-D: variable "p"  was declared but never referenced
  	int p=Power;
../Core/Src/main.c: 10 warnings, 0 errors
linking...
Program Size: Code=12194 RO-data=254 RW-data=152 ZI-data=2512  
FromELF: creating hex file...
"Gas_Cooler\Gas_Cooler.axf" - 0 Error(s), 10 Warning(s).

<h2>Software Packages used:</h2>

Package Vendor: ARM
                http://www.keil.com/pack/ARM.CMSIS.5.0.1.pack
                ARM::CMSIS:CORE:5.0.1
                CMSIS (Cortex Microcontroller Software Interface Standard)
   * Component: CORE Version: 5.0.1

<h2>Collection of Component include folders:</h2>
  .\RTE\_Gas_Cooler
  C:\Keil_v5\ARM\PACK\ARM\CMSIS\5.0.1\CMSIS\Include
  C:\Keil_v5\ARM\PACK\Keil\STM32F0xx_DFP\2.0.0\Drivers\CMSIS\Device\ST\STM32F0xx\Include

<h2>Collection of Component Files used:</h2>

   * Component: ARM::CMSIS:CORE:5.0.1
Build Time Elapsed:  00:00:02
</pre>
</body>
</html>
