Component: ARM Compiler 5.06 update 4 (build 422) Tool: armlink [4d35d2]

==============================================================================

Section Cross References

    startup_stm32f051x8.o(RESET) refers to startup_stm32f051x8.o(STACK) for __initial_sp
    startup_stm32f051x8.o(RESET) refers to startup_stm32f051x8.o(.text) for Reset_Handler
    startup_stm32f051x8.o(RESET) refers to stm32f0xx_it.o(i.NMI_Handler) for NMI_Handler
    startup_stm32f051x8.o(RESET) refers to stm32f0xx_it.o(i.HardFault_Handler) for HardFault_Handler
    startup_stm32f051x8.o(RESET) refers to stm32f0xx_it.o(i.SVC_Handler) for SVC_Handler
    startup_stm32f051x8.o(RESET) refers to stm32f0xx_it.o(i.PendSV_Handler) for PendSV_Handler
    startup_stm32f051x8.o(RESET) refers to stm32f0xx_it.o(i.SysTick_Handler) for SysTick_Handler
    startup_stm32f051x8.o(RESET) refers to stm32f0xx_it.o(i.EXTI4_15_IRQHandler) for EXTI4_15_IRQHandler
    startup_stm32f051x8.o(RESET) refers to stm32f0xx_it.o(i.DMA1_Channel1_IRQHandler) for DMA1_Channel1_IRQHandler
    startup_stm32f051x8.o(RESET) refers to stm32f0xx_it.o(i.TIM3_IRQHandler) for TIM3_IRQHandler
    startup_stm32f051x8.o(RESET) refers to stm32f0xx_it.o(i.TIM14_IRQHandler) for TIM14_IRQHandler
    startup_stm32f051x8.o(.text) refers to system_stm32f0xx.o(i.SystemInit) for SystemInit
    startup_stm32f051x8.o(.text) refers to entry.o(.ARM.Collect$$$$00000000) for __main
    stm32_tm1637.o(i._tm1637ClkHigh) refers to stm32f0xx_hal_gpio.o(i.HAL_GPIO_WritePin) for HAL_GPIO_WritePin
    stm32_tm1637.o(i._tm1637ClkLow) refers to stm32f0xx_hal_gpio.o(i.HAL_GPIO_WritePin) for HAL_GPIO_WritePin
    stm32_tm1637.o(i._tm1637DioHigh) refers to stm32f0xx_hal_gpio.o(i.HAL_GPIO_WritePin) for HAL_GPIO_WritePin
    stm32_tm1637.o(i._tm1637DioLow) refers to stm32f0xx_hal_gpio.o(i.HAL_GPIO_WritePin) for HAL_GPIO_WritePin
    stm32_tm1637.o(i._tm1637ReadResult) refers to stm32_tm1637.o(i._tm1637ClkLow) for _tm1637ClkLow
    stm32_tm1637.o(i._tm1637ReadResult) refers to stm32_tm1637.o(i._tm1637DelayUsec) for _tm1637DelayUsec
    stm32_tm1637.o(i._tm1637ReadResult) refers to stm32_tm1637.o(i._tm1637ClkHigh) for _tm1637ClkHigh
    stm32_tm1637.o(i._tm1637Start) refers to stm32_tm1637.o(i._tm1637ClkHigh) for _tm1637ClkHigh
    stm32_tm1637.o(i._tm1637Start) refers to stm32_tm1637.o(i._tm1637DioHigh) for _tm1637DioHigh
    stm32_tm1637.o(i._tm1637Start) refers to stm32_tm1637.o(i._tm1637DelayUsec) for _tm1637DelayUsec
    stm32_tm1637.o(i._tm1637Start) refers to stm32_tm1637.o(i._tm1637DioLow) for _tm1637DioLow
    stm32_tm1637.o(i._tm1637Stop) refers to stm32_tm1637.o(i._tm1637ClkLow) for _tm1637ClkLow
    stm32_tm1637.o(i._tm1637Stop) refers to stm32_tm1637.o(i._tm1637DelayUsec) for _tm1637DelayUsec
    stm32_tm1637.o(i._tm1637Stop) refers to stm32_tm1637.o(i._tm1637DioLow) for _tm1637DioLow
    stm32_tm1637.o(i._tm1637Stop) refers to stm32_tm1637.o(i._tm1637ClkHigh) for _tm1637ClkHigh
    stm32_tm1637.o(i._tm1637Stop) refers to stm32_tm1637.o(i._tm1637DioHigh) for _tm1637DioHigh
    stm32_tm1637.o(i._tm1637WriteByte) refers to stm32_tm1637.o(i._tm1637ClkLow) for _tm1637ClkLow
    stm32_tm1637.o(i._tm1637WriteByte) refers to stm32_tm1637.o(i._tm1637DioHigh) for _tm1637DioHigh
    stm32_tm1637.o(i._tm1637WriteByte) refers to stm32_tm1637.o(i._tm1637DioLow) for _tm1637DioLow
    stm32_tm1637.o(i._tm1637WriteByte) refers to stm32_tm1637.o(i._tm1637DelayUsec) for _tm1637DelayUsec
    stm32_tm1637.o(i._tm1637WriteByte) refers to stm32_tm1637.o(i._tm1637ClkHigh) for _tm1637ClkHigh
    stm32_tm1637.o(i.tm1637DisplayDecimal) refers to idiv.o(.text) for __aeabi_idivmod
    stm32_tm1637.o(i.tm1637DisplayDecimal) refers to stm32_tm1637.o(i._tm1637Start) for _tm1637Start
    stm32_tm1637.o(i.tm1637DisplayDecimal) refers to stm32_tm1637.o(i._tm1637WriteByte) for _tm1637WriteByte
    stm32_tm1637.o(i.tm1637DisplayDecimal) refers to stm32_tm1637.o(i._tm1637ReadResult) for _tm1637ReadResult
    stm32_tm1637.o(i.tm1637DisplayDecimal) refers to stm32_tm1637.o(i._tm1637Stop) for _tm1637Stop
    stm32_tm1637.o(i.tm1637DisplayDecimal) refers to stm32_tm1637.o(.constdata) for .constdata
    stm32_tm1637.o(i.tm1637DisplayString) refers to stm32_tm1637.o(i._tm1637Start) for _tm1637Start
    stm32_tm1637.o(i.tm1637DisplayString) refers to stm32_tm1637.o(i._tm1637WriteByte) for _tm1637WriteByte
    stm32_tm1637.o(i.tm1637DisplayString) refers to stm32_tm1637.o(i._tm1637ReadResult) for _tm1637ReadResult
    stm32_tm1637.o(i.tm1637DisplayString) refers to stm32_tm1637.o(i._tm1637Stop) for _tm1637Stop
    stm32_tm1637.o(i.tm1637Init) refers to memseta.o(.text) for __aeabi_memclr4
    stm32_tm1637.o(i.tm1637Init) refers to stm32f0xx_hal_gpio.o(i.HAL_GPIO_Init) for HAL_GPIO_Init
    stm32_tm1637.o(i.tm1637Init) refers to stm32_tm1637.o(i.tm1637SetBrightness) for tm1637SetBrightness
    stm32_tm1637.o(i.tm1637SetBrightness) refers to stm32_tm1637.o(i._tm1637Start) for _tm1637Start
[...]
    Removing stm32f0xx_hal_i2c.o(i.HAL_I2C_Mem_Read_DMA), (288 bytes).
    Removing stm32f0xx_hal_i2c.o(i.HAL_I2C_Mem_Read_IT), (188 bytes).
    Removing stm32f0xx_hal_i2c.o(i.HAL_I2C_Mem_Write), (332 bytes).
    Removing stm32f0xx_hal_i2c.o(i.HAL_I2C_Mem_Write_DMA), (280 bytes).
    Removing stm32f0xx_hal_i2c.o(i.HAL_I2C_Mem_Write_IT), (180 bytes).
    Removing stm32f0xx_hal_i2c.o(i.HAL_I2C_MspDeInit), (2 bytes).
    Removing stm32f0xx_hal_i2c.o(i.HAL_I2C_MspInit), (2 bytes).
    Removing stm32f0xx_hal_i2c.o(i.HAL_I2C_SlaveRxCpltCallback), (2 bytes).
    Removing stm32f0xx_hal_i2c.o(i.HAL_I2C_SlaveTxCpltCallback), (2 bytes).
    Removing stm32f0xx_hal_i2c.o(i.HAL_I2C_Slave_Receive), (276 bytes).
    Removing stm32f0xx_hal_i2c.o(i.HAL_I2C_Slave_Receive_DMA), (200 bytes).
    Removing stm32f0xx_hal_i2c.o(i.HAL_I2C_Slave_Receive_IT), (88 bytes).
    Removing stm32f0xx_hal_i2c.o(i.HAL_I2C_Slave_Seq_Receive_DMA), (364 bytes).
    Removing stm32f0xx_hal_i2c.o(i.HAL_I2C_Slave_Seq_Receive_IT), (204 bytes).
    Removing stm32f0xx_hal_i2c.o(i.HAL_I2C_Slave_Seq_Transmit_DMA), (368 bytes).
    Removing stm32f0xx_hal_i2c.o(i.HAL_I2C_Slave_Seq_Transmit_IT), (208 bytes).
    Removing stm32f0xx_hal_i2c.o(i.HAL_I2C_Slave_Transmit), (294 bytes).
    Removing stm32f0xx_hal_i2c.o(i.HAL_I2C_Slave_Transmit_DMA), (196 bytes).
    Removing stm32f0xx_hal_i2c.o(i.HAL_I2C_Slave_Transmit_IT), (88 bytes).
    Removing stm32f0xx_hal_i2c.o(i.I2C_ConvertOtherXferOptions), (28 bytes).
    Removing stm32f0xx_hal_i2c.o(i.I2C_DMAAbort), (28 bytes).
    Removing stm32f0xx_hal_i2c.o(i.I2C_DMAError), (24 bytes).
    Removing stm32f0xx_hal_i2c.o(i.I2C_DMAMasterReceiveCplt), (84 bytes).
    Removing stm32f0xx_hal_i2c.o(i.I2C_DMAMasterTransmitCplt), (84 bytes).
    Removing stm32f0xx_hal_i2c.o(i.I2C_DMASlaveReceiveCplt), (42 bytes).
    Removing stm32f0xx_hal_i2c.o(i.I2C_DMASlaveTransmitCplt), (36 bytes).
    Removing stm32f0xx_hal_i2c.o(i.I2C_Disable_IRQ), (82 bytes).
    Removing stm32f0xx_hal_i2c.o(i.I2C_Enable_IRQ), (92 bytes).
    Removing stm32f0xx_hal_i2c.o(i.I2C_Flush_TXDR), (34 bytes).
    Removing stm32f0xx_hal_i2c.o(i.I2C_ITAddrCplt), (124 bytes).
    Removing stm32f0xx_hal_i2c.o(i.I2C_ITError), (236 bytes).
    Removing stm32f0xx_hal_i2c.o(i.I2C_ITListenCplt), (104 bytes).
    Removing stm32f0xx_hal_i2c.o(i.I2C_ITMasterCplt), (216 bytes).
    Removing stm32f0xx_hal_i2c.o(i.I2C_ITMasterSeqCplt), (70 bytes).
    Removing stm32f0xx_hal_i2c.o(i.I2C_ITSlaveCplt), (316 bytes).
    Removing stm32f0xx_hal_i2c.o(i.I2C_ITSlaveSeqCplt), (106 bytes).
    Removing stm32f0xx_hal_i2c.o(i.I2C_IsAcknowledgeFailed), (112 bytes).
    Removing stm32f0xx_hal_i2c.o(i.I2C_Master_ISR_DMA), (268 bytes).
    Removing stm32f0xx_hal_i2c.o(i.I2C_Master_ISR_IT), (304 bytes).
    Removing stm32f0xx_hal_i2c.o(i.I2C_RequestMemoryRead), (96 bytes).
    Removing stm32f0xx_hal_i2c.o(i.I2C_RequestMemoryWrite), (96 bytes).
    Removing stm32f0xx_hal_i2c.o(i.I2C_Slave_ISR_DMA), (274 bytes).
    Removing stm32f0xx_hal_i2c.o(i.I2C_Slave_ISR_IT), (304 bytes).
    Removing stm32f0xx_hal_i2c.o(i.I2C_TransferConfig), (40 bytes).
    Removing stm32f0xx_hal_i2c.o(i.I2C_TreatErrorCallback), (38 bytes).
    Removing stm32f0xx_hal_i2c.o(i.I2C_WaitOnFlagUntilTimeout), (78 bytes).
    Removing stm32f0xx_hal_i2c.o(i.I2C_WaitOnRXNEFlagUntilTimeout), (128 bytes).
    Removing stm32f0xx_hal_i2c.o(i.I2C_WaitOnSTOPFlagUntilTimeout), (76 bytes).
    Removing stm32f0xx_hal_i2c.o(i.I2C_WaitOnTXISFlagUntilTimeout), (80 bytes).
    Removing stm32f0xx_hal_i2c_ex.o(.rev16_text), (4 bytes).
    Removing stm32f0xx_hal_i2c_ex.o(.revsh_text), (4 bytes).
    Removing stm32f0xx_hal_i2c_ex.o(i.HAL_I2CEx_ConfigAnalogFilter), (74 bytes).
    Removing stm32f0xx_hal_i2c_ex.o(i.HAL_I2CEx_ConfigDigitalFilter), (72 bytes).
    Removing stm32f0xx_hal_i2c_ex.o(i.HAL_I2CEx_DisableFastModePlus), (36 bytes).
    Removing stm32f0xx_hal_i2c_ex.o(i.HAL_I2CEx_DisableWakeUp), (66 bytes).
    Removing stm32f0xx_hal_i2c_ex.o(i.HAL_I2CEx_EnableFastModePlus), (36 bytes).
    Removing stm32f0xx_hal_i2c_ex.o(i.HAL_I2CEx_EnableWakeUp), (66 bytes).
    Removing stm32f0xx_hal_gpio.o(.rev16_text), (4 bytes).
    Removing stm32f0xx_hal_gpio.o(.revsh_text), (4 bytes).
    Removing stm32f0xx_hal_gpio.o(i.HAL_GPIO_DeInit), (212 bytes).
    Removing stm32f0xx_hal_gpio.o(i.HAL_GPIO_EXTI_Callback), (2 bytes).
    Removing stm32f0xx_hal_gpio.o(i.HAL_GPIO_LockPin), (36 bytes).
    Removing stm32f0xx_hal_dma.o(.rev16_text), (4 bytes).
    Removing stm32f0xx_hal_dma.o(.revsh_text), (4 bytes).
    Removing stm32f0xx_hal_dma.o(i.HAL_DMA_Abort), (64 bytes).
    Removing stm32f0xx_hal_dma.o(i.HAL_DMA_Abort_IT), (72 bytes).
    Removing stm32f0xx_hal_dma.o(i.HAL_DMA_DeInit), (74 bytes).
    Removing stm32f0xx_hal_dma.o(i.HAL_DMA_GetError), (4 bytes).
    Removing stm32f0xx_hal_dma.o(i.HAL_DMA_GetState), (6 bytes).
    Removing stm32f0xx_hal_dma.o(i.HAL_DMA_PollForTransfer), (176 bytes).
    Removing stm32f0xx_hal_dma.o(i.HAL_DMA_RegisterCallback), (72 bytes).
    Removing stm32f0xx_hal_dma.o(i.HAL_DMA_Start), (74 bytes).
    Removing stm32f0xx_hal_dma.o(i.HAL_DMA_UnRegisterCallback), (78 bytes).
    Removing stm32f0xx_hal_cortex.o(.rev16_text), (4 bytes).
    Removing stm32f0xx_hal_cortex.o(.revsh_text), (4 bytes).
    Removing stm32f0xx_hal_cortex.o(i.HAL_NVIC_ClearPendingIRQ), (24 bytes).
    Removing stm32f0xx_hal_cortex.o(i.HAL_NVIC_GetPendingIRQ), (32 bytes).
    Removing stm32f0xx_hal_cortex.o(i.HAL_NVIC_GetPriority), (52 bytes).
    Removing stm32f0xx_hal_cortex.o(i.HAL_NVIC_SetPendingIRQ), (24 bytes).
    Removing stm32f0xx_hal_cortex.o(i.HAL_NVIC_SystemReset), (28 bytes).
    Removing stm32f0xx_hal_cortex.o(i.HAL_SYSTICK_CLKSourceConfig), (24 bytes).
    Removing stm32f0xx_hal_cortex.o(i.HAL_SYSTICK_Callback), (2 bytes).
    Removing stm32f0xx_hal_cortex.o(i.HAL_SYSTICK_IRQHandler), (8 bytes).
    Removing stm32f0xx_hal_pwr.o(.rev16_text), (4 bytes).
    Removing stm32f0xx_hal_pwr.o(.revsh_text), (4 bytes).
    Removing stm32f0xx_hal_pwr.o(i.HAL_PWR_DeInit), (24 bytes).
    Removing stm32f0xx_hal_pwr.o(i.HAL_PWR_DisableBkUpAccess), (16 bytes).
    Removing stm32f0xx_hal_pwr.o(i.HAL_PWR_DisableSEVOnPend), (16 bytes).
    Removing stm32f0xx_hal_pwr.o(i.HAL_PWR_DisableSleepOnExit), (16 bytes).
    Removing stm32f0xx_hal_pwr.o(i.HAL_PWR_DisableWakeUpPin), (16 bytes).
    Removing stm32f0xx_hal_pwr.o(i.HAL_PWR_EnableBkUpAccess), (16 bytes).
    Removing stm32f0xx_hal_pwr.o(i.HAL_PWR_EnableSEVOnPend), (16 bytes).
    Removing stm32f0xx_hal_pwr.o(i.HAL_PWR_EnableSleepOnExit), (16 bytes).
    Removing stm32f0xx_hal_pwr.o(i.HAL_PWR_EnableWakeUpPin), (16 bytes).
    Removing stm32f0xx_hal_pwr.o(i.HAL_PWR_EnterSLEEPMode), (32 bytes).
    Removing stm32f0xx_hal_pwr.o(i.HAL_PWR_EnterSTANDBYMode), (32 bytes).
    Removing stm32f0xx_hal_pwr.o(i.HAL_PWR_EnterSTOPMode), (52 bytes).
    Removing stm32f0xx_hal_pwr_ex.o(.rev16_text), (4 bytes).
    Removing stm32f0xx_hal_pwr_ex.o(.revsh_text), (4 bytes).
    Removing stm32f0xx_hal_pwr_ex.o(i.HAL_PWR_ConfigPVD), (104 bytes).
    Removing stm32f0xx_hal_pwr_ex.o(i.HAL_PWR_DisablePVD), (16 bytes).
    Removing stm32f0xx_hal_pwr_ex.o(i.HAL_PWR_EnablePVD), (16 bytes).
    Removing stm32f0xx_hal_pwr_ex.o(i.HAL_PWR_PVDCallback), (2 bytes).
    Removing stm32f0xx_hal_pwr_ex.o(i.HAL_PWR_PVD_IRQHandler), (28 bytes).
    Removing stm32f0xx_hal_flash.o(.rev16_text), (4 bytes).
    Removing stm32f0xx_hal_flash.o(.revsh_text), (4 bytes).
    Removing stm32f0xx_hal_flash.o(i.HAL_FLASH_EndOfOperationCallback), (2 bytes).
    Removing stm32f0xx_hal_flash.o(i.HAL_FLASH_GetError), (12 bytes).
    Removing stm32f0xx_hal_flash.o(i.HAL_FLASH_IRQHandler), (268 bytes).
    Removing stm32f0xx_hal_flash.o(i.HAL_FLASH_OB_Launch), (32 bytes).
    Removing stm32f0xx_hal_flash.o(i.HAL_FLASH_OB_Lock), (20 bytes).
    Removing stm32f0xx_hal_flash.o(i.HAL_FLASH_OB_Unlock), (36 bytes).
    Removing stm32f0xx_hal_flash.o(i.HAL_FLASH_OperationErrorCallback), (2 bytes).
    Removing stm32f0xx_hal_flash.o(i.HAL_FLASH_Program_IT), (100 bytes).
    Removing stm32f0xx_hal_flash_ex.o(.rev16_text), (4 bytes).
    Removing stm32f0xx_hal_flash_ex.o(.revsh_text), (4 bytes).
    Removing stm32f0xx_hal_flash_ex.o(i.FLASH_OB_DisableWRP), (108 bytes).
    Removing stm32f0xx_hal_flash_ex.o(i.FLASH_OB_EnableWRP), (108 bytes).
    Removing stm32f0xx_hal_flash_ex.o(i.FLASH_OB_GetRDP), (32 bytes).
    Removing stm32f0xx_hal_flash_ex.o(i.FLASH_OB_RDP_LevelConfig), (96 bytes).
    Removing stm32f0xx_hal_flash_ex.o(i.HAL_FLASHEx_Erase_IT), (88 bytes).
    Removing stm32f0xx_hal_flash_ex.o(i.HAL_FLASHEx_OBErase), (80 bytes).
    Removing stm32f0xx_hal_flash_ex.o(i.HAL_FLASHEx_OBGetConfig), (36 bytes).
    Removing stm32f0xx_hal_flash_ex.o(i.HAL_FLASHEx_OBGetUserData), (28 bytes).
    Removing stm32f0xx_hal_flash_ex.o(i.HAL_FLASHEx_OBProgram), (204 bytes).
    Removing stm32f0xx_hal_exti.o(.rev16_text), (4 bytes).
    Removing stm32f0xx_hal_exti.o(.revsh_text), (4 bytes).
    Removing stm32f0xx_hal_exti.o(i.HAL_EXTI_ClearConfigLine), (100 bytes).
    Removing stm32f0xx_hal_exti.o(i.HAL_EXTI_ClearPending), (20 bytes).
    Removing stm32f0xx_hal_exti.o(i.HAL_EXTI_GenerateSWI), (20 bytes).
    Removing stm32f0xx_hal_exti.o(i.HAL_EXTI_GetConfigLine), (148 bytes).
    Removing stm32f0xx_hal_exti.o(i.HAL_EXTI_GetHandle), (14 bytes).
    Removing stm32f0xx_hal_exti.o(i.HAL_EXTI_GetPending), (24 bytes).
    Removing stm32f0xx_hal_exti.o(i.HAL_EXTI_IRQHandler), (36 bytes).
    Removing stm32f0xx_hal_exti.o(i.HAL_EXTI_RegisterCallback), (16 bytes).
    Removing stm32f0xx_hal_exti.o(i.HAL_EXTI_SetConfigLine), (148 bytes).
    Removing stm32f0xx_hal_tim.o(.rev16_text), (4 bytes).
    Removing stm32f0xx_hal_tim.o(.revsh_text), (4 bytes).
    Removing stm32f0xx_hal_tim.o(i.HAL_TIM_Base_DeInit), (80 bytes).
    Removing stm32f0xx_hal_tim.o(i.HAL_TIM_Base_GetState), (6 bytes).
    Removing stm32f0xx_hal_tim.o(i.HAL_TIM_Base_MspDeInit), (2 bytes).
    Removing stm32f0xx_hal_tim.o(i.HAL_TIM_Base_MspInit), (2 bytes).
    Removing stm32f0xx_hal_tim.o(i.HAL_TIM_Base_Start_DMA), (160 bytes).
    Removing stm32f0xx_hal_tim.o(i.HAL_TIM_Base_Stop), (40 bytes).
    Removing stm32f0xx_hal_tim.o(i.HAL_TIM_Base_Stop_DMA), (64 bytes).
    Removing stm32f0xx_hal_tim.o(i.HAL_TIM_Base_Stop_IT), (52 bytes).
    Removing stm32f0xx_hal_tim.o(i.HAL_TIM_ConfigOCrefClear), (216 bytes).
    Removing stm32f0xx_hal_tim.o(i.HAL_TIM_ConfigTI1Input), (16 bytes).
    Removing stm32f0xx_hal_tim.o(i.HAL_TIM_DMABurstState), (6 bytes).
    Removing stm32f0xx_hal_tim.o(i.HAL_TIM_DMABurst_MultiReadStart), (320 bytes).
    Removing stm32f0xx_hal_tim.o(i.HAL_TIM_DMABurst_MultiWriteStart), (320 bytes).
    Removing stm32f0xx_hal_tim.o(i.HAL_TIM_DMABurst_ReadStart), (18 bytes).
    Removing stm32f0xx_hal_tim.o(i.HAL_TIM_DMABurst_ReadStop), (106 bytes).
    Removing stm32f0xx_hal_tim.o(i.HAL_TIM_DMABurst_WriteStart), (18 bytes).
    Removing stm32f0xx_hal_tim.o(i.HAL_TIM_DMABurst_WriteStop), (106 bytes).
    Removing stm32f0xx_hal_tim.o(i.HAL_TIM_Encoder_DeInit), (68 bytes).
    Removing stm32f0xx_hal_tim.o(i.HAL_TIM_Encoder_GetState), (6 bytes).
    Removing stm32f0xx_hal_tim.o(i.HAL_TIM_Encoder_Init), (168 bytes).
    Removing stm32f0xx_hal_tim.o(i.HAL_TIM_Encoder_MspDeInit), (2 bytes).
    Removing stm32f0xx_hal_tim.o(i.HAL_TIM_Encoder_MspInit), (2 bytes).
    Removing stm32f0xx_hal_tim.o(i.HAL_TIM_Encoder_Start), (130 bytes).
    Removing stm32f0xx_hal_tim.o(i.HAL_TIM_Encoder_Start_DMA), (448 bytes).
    Removing stm32f0xx_hal_tim.o(i.HAL_TIM_Encoder_Start_IT), (168 bytes).
    Removing stm32f0xx_hal_tim.o(i.HAL_TIM_Encoder_Stop), (108 bytes).
    Removing stm32f0xx_hal_tim.o(i.HAL_TIM_Encoder_Stop_DMA), (176 bytes).
    Removing stm32f0xx_hal_tim.o(i.HAL_TIM_Encoder_Stop_IT), (148 bytes).
    Removing stm32f0xx_hal_tim.o(i.HAL_TIM_ErrorCallback), (2 bytes).
    Removing stm32f0xx_hal_tim.o(i.HAL_TIM_GenerateEvent), (36 bytes).
    Removing stm32f0xx_hal_tim.o(i.HAL_TIM_GetActiveChannel), (4 bytes).
    Removing stm32f0xx_hal_tim.o(i.HAL_TIM_GetChannelState), (34 bytes).
    Removing stm32f0xx_hal_tim.o(i.HAL_TIM_IC_CaptureHalfCpltCallback), (2 bytes).
    Removing stm32f0xx_hal_tim.o(i.HAL_TIM_IC_ConfigChannel), (282 bytes).
    Removing stm32f0xx_hal_tim.o(i.HAL_TIM_IC_DeInit), (80 bytes).
    Removing stm32f0xx_hal_tim.o(i.HAL_TIM_IC_GetState), (6 bytes).
    Removing stm32f0xx_hal_tim.o(i.HAL_TIM_IC_Init), (72 bytes).
    Removing stm32f0xx_hal_tim.o(i.HAL_TIM_IC_MspDeInit), (2 bytes).
    Removing stm32f0xx_hal_tim.o(i.HAL_TIM_IC_MspInit), (2 bytes).
    Removing stm32f0xx_hal_tim.o(i.HAL_TIM_IC_Start), (164 bytes).
    Removing stm32f0xx_hal_tim.o(i.HAL_TIM_IC_Start_DMA), (372 bytes).
    Removing stm32f0xx_hal_tim.o(i.HAL_TIM_IC_Start_IT), (200 bytes).
    Removing stm32f0xx_hal_tim.o(i.HAL_TIM_IC_Stop), (92 bytes).
    Removing stm32f0xx_hal_tim.o(i.HAL_TIM_IC_Stop_DMA), (176 bytes).
    Removing stm32f0xx_hal_tim.o(i.HAL_TIM_IC_Stop_IT), (136 bytes).
    Removing stm32f0xx_hal_tim.o(i.HAL_TIM_OC_ConfigChannel), (74 bytes).
    Removing stm32f0xx_hal_tim.o(i.HAL_TIM_OC_DeInit), (80 bytes).
    Removing stm32f0xx_hal_tim.o(i.HAL_TIM_OC_GetState), (6 bytes).
    Removing stm32f0xx_hal_tim.o(i.HAL_TIM_OC_Init), (72 bytes).
    Removing stm32f0xx_hal_tim.o(i.HAL_TIM_OC_MspDeInit), (2 bytes).
    Removing stm32f0xx_hal_tim.o(i.HAL_TIM_OC_MspInit), (2 bytes).
    Removing stm32f0xx_hal_tim.o(i.HAL_TIM_OC_Start), (176 bytes).
    Removing stm32f0xx_hal_tim.o(i.HAL_TIM_OC_Start_DMA), (412 bytes).
    Removing stm32f0xx_hal_tim.o(i.HAL_TIM_OC_Start_IT), (212 bytes).
    Removing stm32f0xx_hal_tim.o(i.HAL_TIM_OC_Stop), (148 bytes).
    Removing stm32f0xx_hal_tim.o(i.HAL_TIM_OC_Stop_DMA), (224 bytes).
    Removing stm32f0xx_hal_tim.o(i.HAL_TIM_OC_Stop_IT), (192 bytes).
    Removing stm32f0xx_hal_tim.o(i.HAL_TIM_OnePulse_ConfigChannel), (214 bytes).
    Removing stm32f0xx_hal_tim.o(i.HAL_TIM_OnePulse_DeInit), (68 bytes).
    Removing stm32f0xx_hal_tim.o(i.HAL_TIM_OnePulse_GetState), (6 bytes).
    Removing stm32f0xx_hal_tim.o(i.HAL_TIM_OnePulse_Init), (84 bytes).
    Removing stm32f0xx_hal_tim.o(i.HAL_TIM_OnePulse_MspDeInit), (2 bytes).
    Removing stm32f0xx_hal_tim.o(i.HAL_TIM_OnePulse_MspInit), (2 bytes).
    Removing stm32f0xx_hal_tim.o(i.HAL_TIM_OnePulse_Start), (124 bytes).
    Removing stm32f0xx_hal_tim.o(i.HAL_TIM_OnePulse_Start_IT), (144 bytes).
    Removing stm32f0xx_hal_tim.o(i.HAL_TIM_OnePulse_Stop), (140 bytes).
    Removing stm32f0xx_hal_tim.o(i.HAL_TIM_OnePulse_Stop_IT), (160 bytes).
    Removing stm32f0xx_hal_tim.o(i.HAL_TIM_PWM_ConfigChannel), (200 bytes).
    Removing stm32f0xx_hal_tim.o(i.HAL_TIM_PWM_DeInit), (80 bytes).
    Removing stm32f0xx_hal_tim.o(i.HAL_TIM_PWM_GetState), (6 bytes).
    Removing stm32f0xx_hal_tim.o(i.HAL_TIM_PWM_Init), (72 bytes).
    Removing stm32f0xx_hal_tim.o(i.HAL_TIM_PWM_MspDeInit), (2 bytes).
    Removing stm32f0xx_hal_tim.o(i.HAL_TIM_PWM_MspInit), (2 bytes).
    Removing stm32f0xx_hal_tim.o(i.HAL_TIM_PWM_PulseFinishedHalfCpltCallback), (2 bytes).
    Removing stm32f0xx_hal_tim.o(i.HAL_TIM_PWM_Start), (176 bytes).
    Removing stm32f0xx_hal_tim.o(i.HAL_TIM_PWM_Start_DMA), (412 bytes).
    Removing stm32f0xx_hal_tim.o(i.HAL_TIM_PWM_Start_IT), (212 bytes).
    Removing stm32f0xx_hal_tim.o(i.HAL_TIM_PWM_Stop), (148 bytes).
    Removing stm32f0xx_hal_tim.o(i.HAL_TIM_PWM_Stop_DMA), (224 bytes).
    Removing stm32f0xx_hal_tim.o(i.HAL_TIM_PWM_Stop_IT), (192 bytes).
    Removing stm32f0xx_hal_tim.o(i.HAL_TIM_PeriodElapsedCallback), (2 bytes).
    Removing stm32f0xx_hal_tim.o(i.HAL_TIM_PeriodElapsedHalfCpltCallback), (2 bytes).
    Removing stm32f0xx_hal_tim.o(i.HAL_TIM_ReadCapturedValue), (44 bytes).
    Removing stm32f0xx_hal_tim.o(i.HAL_TIM_SlaveConfigSynchro), (76 bytes).
    Removing stm32f0xx_hal_tim.o(i.HAL_TIM_SlaveConfigSynchro_IT), (76 bytes).
    Removing stm32f0xx_hal_tim.o(i.HAL_TIM_TriggerHalfCpltCallback), (2 bytes).
    Removing stm32f0xx_hal_tim.o(i.TIM_CCxChannelCmd), (26 bytes).
    Removing stm32f0xx_hal_tim.o(i.TIM_DMACaptureCplt), (118 bytes).
    Removing stm32f0xx_hal_tim.o(i.TIM_DMACaptureHalfCplt), (56 bytes).
    Removing stm32f0xx_hal_tim.o(i.TIM_DMADelayPulseCplt), (102 bytes).
    Removing stm32f0xx_hal_tim.o(i.TIM_DMADelayPulseHalfCplt), (56 bytes).
    Removing stm32f0xx_hal_tim.o(i.TIM_DMAError), (84 bytes).
    Removing stm32f0xx_hal_tim.o(i.TIM_DMAPeriodElapsedCplt), (24 bytes).
    Removing stm32f0xx_hal_tim.o(i.TIM_DMAPeriodElapsedHalfCplt), (10 bytes).
    Removing stm32f0xx_hal_tim.o(i.TIM_DMATriggerCplt), (24 bytes).
    Removing stm32f0xx_hal_tim.o(i.TIM_DMATriggerHalfCplt), (10 bytes).
    Removing stm32f0xx_hal_tim.o(i.TIM_OC1_SetConfig), (136 bytes).
    Removing stm32f0xx_hal_tim.o(i.TIM_OC2_SetConfig), (128 bytes).
    Removing stm32f0xx_hal_tim.o(i.TIM_OC3_SetConfig), (132 bytes).
    Removing stm32f0xx_hal_tim.o(i.TIM_OC4_SetConfig), (108 bytes).
    Removing stm32f0xx_hal_tim.o(i.TIM_SlaveTimer_SetConfig), (134 bytes).
    Removing stm32f0xx_hal_tim.o(i.TIM_TI1_SetConfig), (88 bytes).
    Removing stm32f0xx_hal_tim.o(i.TIM_TI2_SetConfig), (52 bytes).
    Removing stm32f0xx_hal_tim_ex.o(.rev16_text), (4 bytes).
    Removing stm32f0xx_hal_tim_ex.o(.revsh_text), (4 bytes).
    Removing stm32f0xx_hal_tim_ex.o(i.HAL_TIMEx_CommutHalfCpltCallback), (2 bytes).
    Removing stm32f0xx_hal_tim_ex.o(i.HAL_TIMEx_ConfigBreakDeadTime), (94 bytes).
    Removing stm32f0xx_hal_tim_ex.o(i.HAL_TIMEx_ConfigCommutEvent), (108 bytes).
    Removing stm32f0xx_hal_tim_ex.o(i.HAL_TIMEx_ConfigCommutEvent_DMA), (140 bytes).
    Removing stm32f0xx_hal_tim_ex.o(i.HAL_TIMEx_ConfigCommutEvent_IT), (108 bytes).
    Removing stm32f0xx_hal_tim_ex.o(i.HAL_TIMEx_GetChannelNState), (30 bytes).
    Removing stm32f0xx_hal_tim_ex.o(i.HAL_TIMEx_HallSensor_DeInit), (68 bytes).
    Removing stm32f0xx_hal_tim_ex.o(i.HAL_TIMEx_HallSensor_GetState), (6 bytes).
    Removing stm32f0xx_hal_tim_ex.o(i.HAL_TIMEx_HallSensor_Init), (196 bytes).
    Removing stm32f0xx_hal_tim_ex.o(i.HAL_TIMEx_HallSensor_MspDeInit), (2 bytes).
    Removing stm32f0xx_hal_tim_ex.o(i.HAL_TIMEx_HallSensor_MspInit), (2 bytes).
    Removing stm32f0xx_hal_tim_ex.o(i.HAL_TIMEx_HallSensor_Start), (120 bytes).
    Removing stm32f0xx_hal_tim_ex.o(i.HAL_TIMEx_HallSensor_Start_DMA), (192 bytes).
    Removing stm32f0xx_hal_tim_ex.o(i.HAL_TIMEx_HallSensor_Start_IT), (128 bytes).
    Removing stm32f0xx_hal_tim_ex.o(i.HAL_TIMEx_HallSensor_Stop), (64 bytes).
    Removing stm32f0xx_hal_tim_ex.o(i.HAL_TIMEx_HallSensor_Stop_DMA), (76 bytes).
    Removing stm32f0xx_hal_tim_ex.o(i.HAL_TIMEx_HallSensor_Stop_IT), (76 bytes).
    Removing stm32f0xx_hal_tim_ex.o(i.HAL_TIMEx_OCN_Start), (144 bytes).
    Removing stm32f0xx_hal_tim_ex.o(i.HAL_TIMEx_OCN_Start_DMA), (328 bytes).
    Removing stm32f0xx_hal_tim_ex.o(i.HAL_TIMEx_OCN_Start_IT), (172 bytes).
    Removing stm32f0xx_hal_tim_ex.o(i.HAL_TIMEx_OCN_Stop), (108 bytes).
    Removing stm32f0xx_hal_tim_ex.o(i.HAL_TIMEx_OCN_Stop_DMA), (168 bytes).
    Removing stm32f0xx_hal_tim_ex.o(i.HAL_TIMEx_OCN_Stop_IT), (160 bytes).
    Removing stm32f0xx_hal_tim_ex.o(i.HAL_TIMEx_OnePulseN_Start), (154 bytes).
    Removing stm32f0xx_hal_tim_ex.o(i.HAL_TIMEx_OnePulseN_Start_IT), (172 bytes).
    Removing stm32f0xx_hal_tim_ex.o(i.HAL_TIMEx_OnePulseN_Stop), (156 bytes).
    Removing stm32f0xx_hal_tim_ex.o(i.HAL_TIMEx_OnePulseN_Stop_IT), (176 bytes).
    Removing stm32f0xx_hal_tim_ex.o(i.HAL_TIMEx_PWMN_Start), (144 bytes).
    Removing stm32f0xx_hal_tim_ex.o(i.HAL_TIMEx_PWMN_Start_DMA), (328 bytes).
    Removing stm32f0xx_hal_tim_ex.o(i.HAL_TIMEx_PWMN_Start_IT), (172 bytes).
    Removing stm32f0xx_hal_tim_ex.o(i.HAL_TIMEx_PWMN_Stop), (108 bytes).
    Removing stm32f0xx_hal_tim_ex.o(i.HAL_TIMEx_PWMN_Stop_DMA), (168 bytes).
    Removing stm32f0xx_hal_tim_ex.o(i.HAL_TIMEx_PWMN_Stop_IT), (160 bytes).
    Removing stm32f0xx_hal_tim_ex.o(i.HAL_TIMEx_RemapConfig), (28 bytes).
    Removing stm32f0xx_hal_tim_ex.o(i.TIMEx_DMACommutationCplt), (16 bytes).
    Removing stm32f0xx_hal_tim_ex.o(i.TIMEx_DMACommutationHalfCplt), (16 bytes).
    Removing stm32f0xx_hal_tim_ex.o(i.TIM_CCxNChannelCmd), (26 bytes).
    Removing stm32f0xx_hal_tim_ex.o(i.TIM_DMADelayPulseNCplt), (102 bytes).
    Removing stm32f0xx_hal_tim_ex.o(i.TIM_DMAErrorCCxN), (62 bytes).
    Removing system_stm32f0xx.o(.rev16_text), (4 bytes).
    Removing system_stm32f0xx.o(.revsh_text), (4 bytes).
    Removing system_stm32f0xx.o(i.SystemCoreClockUpdate), (108 bytes).
    Removing system_stm32f0xx.o(.constdata), (8 bytes).
    Removing stm32f0xx_hal_dma.o(i.__ARM_common_switch8), (26 bytes).

414 unused section(s) (total 34418 bytes) removed from the image.

==============================================================================

Image Symbol Table

    Local Symbols

    Symbol Name                              Value     Ov Type        Size  Object(Section)

    ../Core/Src/adc.c                        0x00000000   Number         0  adc.o ABSOLUTE
    ../Core/Src/dma.c                        0x00000000   Number         0  dma.o ABSOLUTE
    ../Core/Src/gpio.c                       0x00000000   Number         0  gpio.o ABSOLUTE
    ../Core/Src/main.c                       0x00000000   Number         0  main.o ABSOLUTE
    ../Core/Src/stm32f0xx_hal_msp.c          0x00000000   Number         0  stm32f0xx_hal_msp.o ABSOLUTE
    ../Core/Src/stm32f0xx_it.c               0x00000000   Number         0  stm32f0xx_it.o ABSOLUTE
    ../Core/Src/system_stm32f0xx.c           0x00000000   Number         0  system_stm32f0xx.o ABSOLUTE
    ../Core/Src/tim.c                        0x00000000   Number         0  tim.o ABSOLUTE
    ../Drivers/STM32F0xx_HAL_Driver/Src/stm32f0xx_hal.c 0x00000000   Number         0  stm32f0xx_hal.o ABSOLUTE
    ../Drivers/STM32F0xx_HAL_Driver/Src/stm32f0xx_hal_adc.c 0x00000000   Number         0  stm32f0xx_hal_adc.o ABSOLUTE
    ../Drivers/STM32F0xx_HAL_Driver/Src/stm32f0xx_hal_adc_ex.c 0x00000000   Number         0  stm32f0xx_hal_adc_ex.o ABSOLUTE
    ../Drivers/STM32F0xx_HAL_Driver/Src/stm32f0xx_hal_cortex.c 0x00000000   Number         0  stm32f0xx_hal_cortex.o ABSOLUTE
    ../Drivers/STM32F0xx_HAL_Driver/Src/stm32f0xx_hal_dma.c 0x00000000   Number         0  stm32f0xx_hal_dma.o ABSOLUTE
    ../Drivers/STM32F0xx_HAL_Driver/Src/stm32f0xx_hal_exti.c 0x00000000   Number         0  stm32f0xx_hal_exti.o ABSOLUTE
    ../Drivers/STM32F0xx_HAL_Driver/Src/stm32f0xx_hal_flash.c 0x00000000   Number         0  stm32f0xx_hal_flash.o ABSOLUTE
    ../Drivers/STM32F0xx_HAL_Driver/Src/stm32f0xx_hal_flash_ex.c 0x00000000   Number         0  stm32f0xx_hal_flash_ex.o ABSOLUTE
    ../Drivers/STM32F0xx_HAL_Driver/Src/stm32f0xx_hal_gpio.c 0x00000000   Number         0  stm32f0xx_hal_gpio.o ABSOLUTE
    ../Drivers/STM32F0xx_HAL_Driver/Src/stm32f0xx_hal_i2c.c 0x00000000   Number         0  stm32f0xx_hal_i2c.o ABSOLUTE
    ../Drivers/STM32F0xx_HAL_Driver/Src/stm32f0xx_hal_i2c_ex.c 0x00000000   Number         0  stm32f0xx_hal_i2c_ex.o ABSOLUTE
    ../Drivers/STM32F0xx_HAL_Driver/Src/stm32f0xx_hal_pwr.c 0x00000000   Number         0  stm32f0xx_hal_pwr.o ABSOLUTE
    ../Drivers/STM32F0xx_HAL_Driver/Src/stm32f0xx_hal_pwr_ex.c 0x00000000   Number         0  stm32f0xx_hal_pwr_ex.o ABSOLUTE
    ../Drivers/STM32F0xx_HAL_Driver/Src/stm32f0xx_hal_rcc.c 0x00000000   Number         0  stm32f0xx_hal_rcc.o ABSOLUTE
    ../Drivers/STM32F0xx_HAL_Driver/Src/stm32f0xx_hal_rcc_ex.c 0x00000000   Number         0  stm32f0xx_hal_rcc_ex.o ABSOLUTE
    ../Drivers/STM32F0xx_HAL_Driver/Src/stm32f0xx_hal_tim.c 0x00000000   Number         0  stm32f0xx_hal_tim.o ABSOLUTE
    ../Drivers/STM32F0xx_HAL_Driver/Src/stm32f0xx_hal_tim_ex.c 0x00000000   Number         0  stm32f0xx_hal_tim_ex.o ABSOLUTE
    ../clib/microlib/division.c              0x00000000   Number         0  uldiv.o ABSOLUTE
    ../clib/microlib/division.c              0x00000000   Number         0  idiv.o ABSOLUTE
    ../clib/microlib/division.c              0x00000000   Number         0  uidiv.o ABSOLUTE
    ../clib/microlib/init/entry.s            0x00000000   Number         0  entry.o ABSOLUTE
    ../clib/microlib/init/entry.s            0x00000000   Number         0  entry8b.o ABSOLUTE
    ../clib/microlib/init/entry.s            0x00000000   Number         0  entry7b.o ABSOLUTE
    ../clib/microlib/init/entry.s            0x00000000   Number         0  entry11a.o ABSOLUTE
    ../clib/microlib/init/entry.s            0x00000000   Number         0  entry7a.o ABSOLUTE
    ../clib/microlib/init/entry.s            0x00000000   Number         0  entry2.o ABSOLUTE
    ../clib/microlib/init/entry.s            0x00000000   Number         0  entry5.o ABSOLUTE
    ../clib/microlib/init/entry.s            0x00000000   Number         0  entry11b.o ABSOLUTE
    ../clib/microlib/init/entry.s            0x00000000   Number         0  entry8a.o ABSOLUTE
    ../clib/microlib/init/entry.s            0x00000000   Number         0  entry10b.o ABSOLUTE
    ../clib/microlib/init/entry.s            0x00000000   Number         0  entry9a.o ABSOLUTE
    ../clib/microlib/init/entry.s            0x00000000   Number         0  entry10a.o ABSOLUTE
    ../clib/microlib/init/entry.s            0x00000000   Number         0  entry9b.o ABSOLUTE
    ../clib/microlib/longlong.c              0x00000000   Number         0  llsshr.o ABSOLUTE
    ../clib/microlib/longlong.c              0x00000000   Number         0  llshl.o ABSOLUTE
    ../clib/microlib/longlong.c              0x00000000   Number         0  llushr.o ABSOLUTE
    ../clib/microlib/string/memset.c         0x00000000   Number         0  memseta.o ABSOLUTE
    ../clib/microlib/stubs.s                 0x00000000   Number         0  iusefp.o ABSOLUTE
    ../fplib/microlib/d2f.c                  0x00000000   Number         0  d2f.o ABSOLUTE
    ../fplib/microlib/fpadd.c                0x00000000   Number         0  fadd.o ABSOLUTE
    ../fplib/microlib/fpadd.c                0x00000000   Number         0  dadd.o ABSOLUTE
    ../fplib/microlib/fpdiv.c                0x00000000   Number         0  ddiv.o ABSOLUTE
    ../fplib/microlib/fpepilogue.c           0x00000000   Number         0  fepilogue.o ABSOLUTE
    ../fplib/microlib/fpepilogue.c           0x00000000   Number         0  depilogue.o ABSOLUTE
    ../fplib/microlib/fpflt.c                0x00000000   Number         0  dfltui.o ABSOLUTE
    ../fplib/microlib/fpflt.c                0x00000000   Number         0  dflti.o ABSOLUTE
    ../fplib/microlib/fpflt.c                0x00000000   Number         0  fflti.o ABSOLUTE
    ../fplib/microlib/fpmul.c                0x00000000   Number         0  dmul.o ABSOLUTE
    ../fplib/microlib/fpscalb.c              0x00000000   Number         0  dscalb.o ABSOLUTE
    ..\Core\Src\adc.c                        0x00000000   Number         0  adc.o ABSOLUTE
    ..\Core\Src\dma.c                        0x00000000   Number         0  dma.o ABSOLUTE
    ..\Core\Src\gpio.c                       0x00000000   Number         0  gpio.o ABSOLUTE
    ..\Core\Src\main.c                       0x00000000   Number         0  main.o ABSOLUTE
    ..\Core\Src\stm32_tm1637.c               0x00000000   Number         0  stm32_tm1637.o ABSOLUTE
    ..\Core\Src\stm32f0xx_hal_msp.c          0x00000000   Number         0  stm32f0xx_hal_msp.o ABSOLUTE
    ..\Core\Src\stm32f0xx_it.c               0x00000000   Number         0  stm32f0xx_it.o ABSOLUTE
    ..\Core\Src\system_stm32f0xx.c           0x00000000   Number         0  system_stm32f0xx.o ABSOLUTE
    ..\Core\Src\tim.c                        0x00000000   Number         0  tim.o ABSOLUTE
    ..\Drivers\STM32F0xx_HAL_Driver\Src\stm32f0xx_hal.c 0x00000000   Number         0  stm32f0xx_hal.o ABSOLUTE
    ..\Drivers\STM32F0xx_HAL_Driver\Src\stm32f0xx_hal_adc.c 0x00000000   Number         0  stm32f0xx_hal_adc.o ABSOLUTE
    ..\Drivers\STM32F0xx_HAL_Driver\Src\stm32f0xx_hal_adc_ex.c 0x00000000   Number         0  stm32f0xx_hal_adc_ex.o ABSOLUTE
    ..\Drivers\STM32F0xx_HAL_Driver\Src\stm32f0xx_hal_cortex.c 0x00000000   Number         0  stm32f0xx_hal_cortex.o ABSOLUTE
    ..\Drivers\STM32F0xx_HAL_Driver\Src\stm32f0xx_hal_dma.c 0x00000000   Number         0  stm32f0xx_hal_dma.o ABSOLUTE
    ..\Drivers\STM32F0xx_HAL_Driver\Src\stm32f0xx_hal_exti.c 0x00000000   Number         0  stm32f0xx_hal_exti.o ABSOLUTE
    ..\Drivers\STM32F0xx_HAL_Driver\Src\stm32f0xx_hal_flash.c 0x00000000   Number         0  stm32f0xx_hal_flash.o ABSOLUTE
    ..\Drivers\STM32F0xx_HAL_Driver\Src\stm32f0xx_hal_flash_ex.c 0x00000000   Number         0  stm32f0xx_hal_flash_ex.o ABSOLUTE
    ..\Drivers\STM32F0xx_HAL_Driver\Src\stm32f0xx_hal_gpio.c 0x00000000   Number         0  stm32f0xx_hal_gpio.o ABSOLUTE
    ..\Drivers\STM32F0xx_HAL_Driver\Src\stm32f0xx_hal_i2c.c 0x00000000   Number         0  stm32f0xx_hal_i2c.o ABSOLUTE
    ..\Drivers\STM32F0xx_HAL_Driver\Src\stm32f0xx_hal_i2c_ex.c 0x00000000   Number         0  stm32f0xx_hal_i2c_ex.o ABSOLUTE
    ..\Drivers\STM32F0xx_HAL_Driver\Src\stm32f0xx_hal_pwr.c 0x00000000   Number         0  stm32f0xx_hal_pwr.o ABSOLUTE
    ..\Drivers\STM32F0xx_HAL_Driver\Src\stm32f0xx_hal_pwr_ex.c 0x00000000   Number         0  stm32f0xx_hal_pwr_ex.o ABSOLUTE
    ..\Drivers\STM32F0xx_HAL_Driver\Src\stm32f0xx_hal_rcc.c 0x00000000   Number         0  stm32f0xx_hal_rcc.o ABSOLUTE
    ..\Drivers\STM32F0xx_HAL_Driver\Src\stm32f0xx_hal_rcc_ex.c 0x00000000   Number         0  stm32f0xx_hal_rcc_ex.o ABSOLUTE
    ..\Drivers\STM32F0xx_HAL_Driver\Src\stm32f0xx_hal_tim.c 0x00000000   Number         0  stm32f0xx_hal_tim.o ABSOLUTE
    ..\Drivers\STM32F0xx_HAL_Driver\Src\stm32f0xx_hal_tim_ex.c 0x00000000   Number         0  stm32f0xx_hal_tim_ex.o ABSOLUTE
    ..\\Core\\Src\\stm32_tm1637.c            0x00000000   Number         0  stm32_tm1637.o ABSOLUTE
    cdrcmple.s                               0x00000000   Number         0  cdrcmple.o ABSOLUTE
    cfcmple.s                                0x00000000   Number         0  cfcmple.o ABSOLUTE
    cfrcmple.s                               0x00000000   Number         0  cfrcmple.o ABSOLUTE
    dc.s                                     0x00000000   Number         0  dc.o ABSOLUTE
    handlers.s                               0x00000000   Number         0  handlers.o ABSOLUTE
    init.s                                   0x00000000   Number         0  init.o ABSOLUTE
    startup_stm32f051x8.s                    0x00000000   Number         0  startup_stm32f051x8.o ABSOLUTE
    RESET                                    0x08000000   Section      188  startup_stm32f051x8.o(RESET)
    .ARM.Collect$$$$00000000                 0x080000bc   Section        0  entry.o(.ARM.Collect$$$$00000000)
    .ARM.Collect$$$$00000001                 0x080000bc   Section        4  entry2.o(.ARM.Collect$$$$00000001)
    .ARM.Collect$$$$00000004                 0x080000c0   Section        4  entry5.o(.ARM.Collect$$$$00000004)
    .ARM.Collect$$$$00000008                 0x080000c4   Section        0  entry7b.o(.ARM.Collect$$$$00000008)
    .ARM.Collect$$$$0000000A                 0x080000c4   Section        0  entry8b.o(.ARM.Collect$$$$0000000A)
    .ARM.Collect$$$$0000000B                 0x080000c4   Section        8  entry9a.o(.ARM.Collect$$$$0000000B)
    .ARM.Collect$$$$0000000D                 0x080000cc   Section        0  entry10a.o(.ARM.Collect$$$$0000000D)
    .ARM.Collect$$$$0000000F                 0x080000cc   Section        0  entry11a.o(.ARM.Collect$$$$0000000F)
    .ARM.Collect$$$$00002712                 0x080000cc   Section        4  entry2.o(.ARM.Collect$$$$00002712)
    __lit__00000000                          0x080000cc   Data           4  entry2.o(.ARM.Collect$$$$00002712)
    .text                                    0x080000d0   Section       28  startup_stm32f051x8.o(.text)
    .text                                    0x080000ec   Section        0  uidiv.o(.text)
    .text                                    0x08000118   Section        0  idiv.o(.text)
    .text                                    0x08000140   Section        0  uldiv.o(.text)
    .text                                    0x080001a0   Section        0  llushr.o(.text)
    .text                                    0x080001c2   Section        0  memseta.o(.text)
    .text                                    0x080001e6   Section        0  fadd.o(.text)
    .text                                    0x08000298   Section        0  dadd.o(.text)
    .text                                    0x080003fc   Section        0  dmul.o(.text)
    .text                                    0x080004cc   Section        0  ddiv.o(.text)
    .text                                    0x080005bc   Section        0  dscalb.o(.text)
    .text                                    0x080005e8   Section        0  fflti.o(.text)
    .text                                    0x08000600   Section        0  dflti.o(.text)
    .text                                    0x08000628   Section        0  dfltui.o(.text)
    .text                                    0x08000644   Section       40  cdrcmple.o(.text)
    .text                                    0x0800066c   Section        0  d2f.o(.text)
    .text                                    0x080006a4   Section       20  cfcmple.o(.text)
    .text                                    0x080006b8   Section       20  cfrcmple.o(.text)
    .text                                    0x080006cc   Section        0  llshl.o(.text)
    .text                                    0x080006ec   Section        0  llsshr.o(.text)
    .text                                    0x08000712   Section        0  iusefp.o(.text)
    .text                                    0x08000712   Section        0  fepilogue.o(.text)
    .text                                    0x08000794   Section        0  depilogue.o(.text)
    .text                                    0x08000854   Section       36  init.o(.text)
    i.ADC_DMAConvCplt                        0x08000878   Section        0  stm32f0xx_hal_adc.o(i.ADC_DMAConvCplt)
    ADC_DMAConvCplt                          0x08000879   Thumb Code   108  stm32f0xx_hal_adc.o(i.ADC_DMAConvCplt)
    i.ADC_DMAError                           0x080008e4   Section        0  stm32f0xx_hal_adc.o(i.ADC_DMAError)
    ADC_DMAError                             0x080008e5   Thumb Code    26  stm32f0xx_hal_adc.o(i.ADC_DMAError)
    i.ADC_DMAHalfConvCplt                    0x080008fe   Section        0  stm32f0xx_hal_adc.o(i.ADC_DMAHalfConvCplt)
    ADC_DMAHalfConvCplt                      0x080008ff   Thumb Code    10  stm32f0xx_hal_adc.o(i.ADC_DMAHalfConvCplt)
    i.ADC_Enable                             0x08000908   Section        0  stm32f0xx_hal_adc.o(i.ADC_Enable)
    ADC_Enable                               0x08000909   Thumb Code   120  stm32f0xx_hal_adc.o(i.ADC_Enable)
    i.DMA1_Channel1_IRQHandler               0x0800098c   Section        0  stm32f0xx_it.o(i.DMA1_Channel1_IRQHandler)
    i.DMA_CalcBaseAndBitshift                0x0800099c   Section        0  stm32f0xx_hal_dma.o(i.DMA_CalcBaseAndBitshift)
    DMA_CalcBaseAndBitshift                  0x0800099d   Thumb Code    26  stm32f0xx_hal_dma.o(i.DMA_CalcBaseAndBitshift)
    i.DMA_SetConfig                          0x080009c0   Section        0  stm32f0xx_hal_dma.o(i.DMA_SetConfig)
    DMA_SetConfig                            0x080009c1   Thumb Code    40  stm32f0xx_hal_dma.o(i.DMA_SetConfig)
    i.DWT_Delay_us                           0x080009e8   Section        0  main.o(i.DWT_Delay_us)
    i.EXTI4_15_IRQHandler                    0x080009f8   Section        0  stm32f0xx_it.o(i.EXTI4_15_IRQHandler)
    i.Error_Handler                          0x08000a04   Section        0  main.o(i.Error_Handler)
    i.FLASH_MassErase                        0x08000a08   Section        0  stm32f0xx_hal_flash_ex.o(i.FLASH_MassErase)
    FLASH_MassErase                          0x08000a09   Thumb Code    26  stm32f0xx_hal_flash_ex.o(i.FLASH_MassErase)
    i.FLASH_PageErase                        0x08000a2c   Section        0  stm32f0xx_hal_flash_ex.o(i.FLASH_PageErase)
    i.FLASH_Program_HalfWord                 0x08000a50   Section        0  stm32f0xx_hal_flash.o(i.FLASH_Program_HalfWord)
    FLASH_Program_HalfWord                   0x08000a51   Thumb Code    22  stm32f0xx_hal_flash.o(i.FLASH_Program_HalfWord)
    i.FLASH_SetErrorCode                     0x08000a70   Section        0  stm32f0xx_hal_flash.o(i.FLASH_SetErrorCode)
    FLASH_SetErrorCode                       0x08000a71   Thumb Code    46  stm32f0xx_hal_flash.o(i.FLASH_SetErrorCode)
    i.FLASH_WaitForLastOperation             0x08000aa8   Section        0  stm32f0xx_hal_flash.o(i.FLASH_WaitForLastOperation)
    i.HAL_ADC_ConfigChannel                  0x08000af8   Section        0  stm32f0xx_hal_adc.o(i.HAL_ADC_ConfigChannel)
    i.HAL_ADC_ConvCpltCallback               0x08000c24   Section        0  stm32f0xx_hal_adc.o(i.HAL_ADC_ConvCpltCallback)
    i.HAL_ADC_ConvHalfCpltCallback           0x08000c26   Section        0  stm32f0xx_hal_adc.o(i.HAL_ADC_ConvHalfCpltCallback)
    i.HAL_ADC_ErrorCallback                  0x08000c28   Section        0  stm32f0xx_hal_adc.o(i.HAL_ADC_ErrorCallback)
    i.HAL_ADC_Init                           0x08000c2c   Section        0  stm32f0xx_hal_adc.o(i.HAL_ADC_Init)
    i.HAL_ADC_MspInit                        0x08000da4   Section        0  adc.o(i.HAL_ADC_MspInit)
    i.HAL_ADC_Start_DMA                      0x08000e30   Section        0  stm32f0xx_hal_adc.o(i.HAL_ADC_Start_DMA)
    i.HAL_DMA_IRQHandler                     0x08000ed0   Section        0  stm32f0xx_hal_dma.o(i.HAL_DMA_IRQHandler)
    i.HAL_DMA_Init                           0x08000f6c   Section        0  stm32f0xx_hal_dma.o(i.HAL_DMA_Init)
    i.HAL_DMA_Start_IT                       0x08000fc0   Section        0  stm32f0xx_hal_dma.o(i.HAL_DMA_Start_IT)
    i.HAL_Delay                              0x0800102c   Section        0  stm32f0xx_hal.o(i.HAL_Delay)
    i.HAL_FLASHEx_Erase                      0x08001050   Section        0  stm32f0xx_hal_flash_ex.o(i.HAL_FLASHEx_Erase)
    i.HAL_FLASH_Lock                         0x080010f0   Section        0  stm32f0xx_hal_flash.o(i.HAL_FLASH_Lock)
    i.HAL_FLASH_Program                      0x08001104   Section        0  stm32f0xx_hal_flash.o(i.HAL_FLASH_Program)
    i.HAL_FLASH_Unlock                       0x08001180   Section        0  stm32f0xx_hal_flash.o(i.HAL_FLASH_Unlock)
    i.HAL_GPIO_EXTI_Callback                 0x080011a8   Section        0  main.o(i.HAL_GPIO_EXTI_Callback)
    i.HAL_GPIO_EXTI_IRQHandler               0x080011bc   Section        0  stm32f0xx_hal_gpio.o(i.HAL_GPIO_EXTI_IRQHandler)
    i.HAL_GPIO_Init                          0x080011d4   Section        0  stm32f0xx_hal_gpio.o(i.HAL_GPIO_Init)
    i.HAL_GPIO_ReadPin                       0x08001344   Section        0  stm32f0xx_hal_gpio.o(i.HAL_GPIO_ReadPin)
    i.HAL_GPIO_TogglePin                     0x0800134e   Section        0  stm32f0xx_hal_gpio.o(i.HAL_GPIO_TogglePin)
    i.HAL_GPIO_WritePin                      0x0800135e   Section        0  stm32f0xx_hal_gpio.o(i.HAL_GPIO_WritePin)
    i.HAL_GetTick                            0x0800136c   Section        0  stm32f0xx_hal.o(i.HAL_GetTick)
    i.HAL_IncTick                            0x08001378   Section        0  stm32f0xx_hal.o(i.HAL_IncTick)
    i.HAL_Init                               0x08001388   Section        0  stm32f0xx_hal.o(i.HAL_Init)
    i.HAL_InitTick                           0x080013a8   Section        0  stm32f0xx_hal.o(i.HAL_InitTick)
    i.HAL_MspInit                            0x080013ec   Section        0  stm32f0xx_hal_msp.o(i.HAL_MspInit)
    i.HAL_NVIC_DisableIRQ                    0x08001414   Section        0  stm32f0xx_hal_cortex.o(i.HAL_NVIC_DisableIRQ)
    i.HAL_NVIC_EnableIRQ                     0x08001434   Section        0  stm32f0xx_hal_cortex.o(i.HAL_NVIC_EnableIRQ)
    i.HAL_NVIC_SetPriority                   0x0800144c   Section        0  stm32f0xx_hal_cortex.o(i.HAL_NVIC_SetPriority)
    i.HAL_RCC_ClockConfig                    0x08001454   Section        0  stm32f0xx_hal_rcc.o(i.HAL_RCC_ClockConfig)
    i.HAL_RCC_GetSysClockFreq                0x0800155c   Section        0  stm32f0xx_hal_rcc.o(i.HAL_RCC_GetSysClockFreq)
    i.HAL_RCC_OscConfig                      0x080015dc   Section        0  stm32f0xx_hal_rcc.o(i.HAL_RCC_OscConfig)
    i.HAL_SYSTICK_Config                     0x08001964   Section        0  stm32f0xx_hal_cortex.o(i.HAL_SYSTICK_Config)
    i.HAL_TIMEx_BreakCallback                0x08001994   Section        0  stm32f0xx_hal_tim_ex.o(i.HAL_TIMEx_BreakCallback)
    i.HAL_TIMEx_CommutCallback               0x08001996   Section        0  stm32f0xx_hal_tim_ex.o(i.HAL_TIMEx_CommutCallback)
    i.HAL_TIMEx_MasterConfigSynchronization  0x08001998   Section        0  stm32f0xx_hal_tim_ex.o(i.HAL_TIMEx_MasterConfigSynchronization)
    i.HAL_TIM_Base_Init                      0x080019f8   Section        0  stm32f0xx_hal_tim.o(i.HAL_TIM_Base_Init)
    i.HAL_TIM_Base_MspInit                   0x08001a40   Section        0  tim.o(i.HAL_TIM_Base_MspInit)
    i.HAL_TIM_Base_Start                     0x08001ab4   Section        0  stm32f0xx_hal_tim.o(i.HAL_TIM_Base_Start)
    i.HAL_TIM_Base_Start_IT                  0x08001b04   Section        0  stm32f0xx_hal_tim.o(i.HAL_TIM_Base_Start_IT)
    i.HAL_TIM_ConfigClockSource              0x08001b5c   Section        0  stm32f0xx_hal_tim.o(i.HAL_TIM_ConfigClockSource)
    i.HAL_TIM_IC_CaptureCallback             0x08001c2c   Section        0  stm32f0xx_hal_tim.o(i.HAL_TIM_IC_CaptureCallback)
    i.HAL_TIM_IRQHandler                     0x08001c2e   Section        0  stm32f0xx_hal_tim.o(i.HAL_TIM_IRQHandler)
    i.HAL_TIM_OC_DelayElapsedCallback        0x08001d90   Section        0  stm32f0xx_hal_tim.o(i.HAL_TIM_OC_DelayElapsedCallback)
    i.HAL_TIM_PWM_PulseFinishedCallback      0x08001d92   Section        0  stm32f0xx_hal_tim.o(i.HAL_TIM_PWM_PulseFinishedCallback)
    i.HAL_TIM_PeriodElapsedCallback          0x08001d94   Section        0  main.o(i.HAL_TIM_PeriodElapsedCallback)
    i.HAL_TIM_TriggerCallback                0x08001fec   Section        0  stm32f0xx_hal_tim.o(i.HAL_TIM_TriggerCallback)
    i.HardFault_Handler                      0x08001fee   Section        0  stm32f0xx_it.o(i.HardFault_Handler)
    i.Is_Indoor_Fan_On                       0x08001ff0   Section        0  main.o(i.Is_Indoor_Fan_On)
    i.MX_ADC_Init                            0x08002024   Section        0  adc.o(i.MX_ADC_Init)
    i.MX_DMA_Init                            0x080020d4   Section        0  dma.o(i.MX_DMA_Init)
    i.MX_GPIO_Init                           0x080020fc   Section        0  gpio.o(i.MX_GPIO_Init)
    i.MX_TIM14_Init                          0x080021c4   Section        0  tim.o(i.MX_TIM14_Init)
    i.MX_TIM2_Init                           0x080021f8   Section        0  tim.o(i.MX_TIM2_Init)
    i.MX_TIM3_Init                           0x08002260   Section        0  tim.o(i.MX_TIM3_Init)
    i.NMI_Handler                            0x080022cc   Section        0  stm32f0xx_it.o(i.NMI_Handler)
    i.PendSV_Handler                         0x080022ce   Section        0  stm32f0xx_it.o(i.PendSV_Handler)
    i.SVC_Handler                            0x080022d0   Section        0  stm32f0xx_it.o(i.SVC_Handler)
    i.SysTick_Handler                        0x080022d2   Section        0  stm32f0xx_it.o(i.SysTick_Handler)
    i.SystemClock_Config                     0x080022da   Section        0  main.o(i.SystemClock_Config)
    i.SystemInit                             0x08002338   Section        0  system_stm32f0xx.o(i.SystemInit)
    i.TIM14_IRQHandler                       0x0800233c   Section        0  stm32f0xx_it.o(i.TIM14_IRQHandler)
    i.TIM3_IRQHandler                        0x0800234c   Section        0  stm32f0xx_it.o(i.TIM3_IRQHandler)
    i.TIM_Base_SetConfig                     0x0800235c   Section        0  stm32f0xx_hal_tim.o(i.TIM_Base_SetConfig)
    i.TIM_ETR_SetConfig                      0x080023f0   Section        0  stm32f0xx_hal_tim.o(i.TIM_ETR_SetConfig)
    i.TIM_ITRx_SetConfig                     0x08002406   Section        0  stm32f0xx_hal_tim.o(i.TIM_ITRx_SetConfig)
    TIM_ITRx_SetConfig                       0x08002407   Thumb Code    16  stm32f0xx_hal_tim.o(i.TIM_ITRx_SetConfig)
    i.TIM_TI1_ConfigInputStage               0x08002416   Section        0  stm32f0xx_hal_tim.o(i.TIM_TI1_ConfigInputStage)
    TIM_TI1_ConfigInputStage                 0x08002417   Thumb Code    34  stm32f0xx_hal_tim.o(i.TIM_TI1_ConfigInputStage)
    i.TIM_TI2_ConfigInputStage               0x08002438   Section        0  stm32f0xx_hal_tim.o(i.TIM_TI2_ConfigInputStage)
    TIM_TI2_ConfigInputStage                 0x08002439   Thumb Code    38  stm32f0xx_hal_tim.o(i.TIM_TI2_ConfigInputStage)
    i.Write_To_Flash                         0x08002460   Section        0  main.o(i.Write_To_Flash)
    i.__ARM_clz                              0x080024a0   Section        0  depilogue.o(i.__ARM_clz)
    i.__ARM_common_ll_muluu                  0x080024ce   Section        0  stm32f0xx_hal_rcc.o(i.__ARM_common_ll_muluu)
    i.__NVIC_SetPriority                     0x08002500   Section        0  stm32f0xx_hal_cortex.o(i.__NVIC_SetPriority)
    __NVIC_SetPriority                       0x08002501   Thumb Code    60  stm32f0xx_hal_cortex.o(i.__NVIC_SetPriority)
    i.__scatterload_copy                     0x08002544   Section       14  handlers.o(i.__scatterload_copy)
    i.__scatterload_null                     0x08002552   Section        2  handlers.o(i.__scatterload_null)
    i.__scatterload_zeroinit                 0x08002554   Section       14  handlers.o(i.__scatterload_zeroinit)
    i._tm1637ClkHigh                         0x08002564   Section        0  stm32_tm1637.o(i._tm1637ClkHigh)
    i._tm1637ClkLow                          0x08002578   Section        0  stm32_tm1637.o(i._tm1637ClkLow)
    i._tm1637DelayUsec                       0x0800258c   Section        0  stm32_tm1637.o(i._tm1637DelayUsec)
    i._tm1637DioHigh                         0x080025a4   Section        0  stm32_tm1637.o(i._tm1637DioHigh)
    i._tm1637DioLow                          0x080025b8   Section        0  stm32_tm1637.o(i._tm1637DioLow)
    i._tm1637ReadResult                      0x080025cc   Section        0  stm32_tm1637.o(i._tm1637ReadResult)
    i._tm1637Start                           0x080025e8   Section        0  stm32_tm1637.o(i._tm1637Start)
    i._tm1637Stop                            0x080025fe   Section        0  stm32_tm1637.o(i._tm1637Stop)
    i._tm1637WriteByte                       0x08002624   Section        0  stm32_tm1637.o(i._tm1637WriteByte)
    i.adc2temp                               0x08002658   Section        0  main.o(i.adc2temp)
    i.fan_indoor                             0x080026e0   Section        0  main.o(i.fan_indoor)
    i.ir_praser                              0x080027c8   Section        0  main.o(i.ir_praser)
    i.main                                   0x080029e0   Section        0  main.o(i.main)
    i.receive_data                           0x08003424   Section        0  main.o(i.receive_data)
    i.tm1637DisplayDecimal                   0x080034b0   Section        0  stm32_tm1637.o(i.tm1637DisplayDecimal)
    i.tm1637Init                             0x08003520   Section        0  stm32_tm1637.o(i.tm1637Init)
    i.tm1637SetBrightness                    0x08003584   Section        0  stm32_tm1637.o(i.tm1637SetBrightness)
    .constdata                               0x0800359e   Section       17  stm32_tm1637.o(.constdata)
    .constdata                               0x080035af   Section       16  system_stm32f0xx.o(.constdata)
    .data                                    0x20000000   Section      144  main.o(.data)
    .data                                    0x20000090   Section       12  stm32f0xx_hal.o(.data)
    .data                                    0x2000009c   Section        4  system_stm32f0xx.o(.data)
    .bss                                     0x200000a0   Section     1108  main.o(.bss)
    .bss                                     0x200004f4   Section      132  adc.o(.bss)
    .bss                                     0x20000578   Section      216  tim.o(.bss)
    .bss                                     0x20000650   Section       32  stm32f0xx_hal_flash.o(.bss)
    STACK                                    0x20000670   Section     1024  startup_stm32f051x8.o(STACK)

    Global Symbols

    Symbol Name                              Value     Ov Type        Size  Object(Section)

    BuildAttributes$$THM_ISAv3M$S$PE$A:L22$X:L11$S22$IEEE1$IW$USESV6$~STKCKD$USESV7$~SHL$OTIME$ROPI$EBA8$MICROLIB$REQ8$PRES8$EABIv2 0x00000000   Number         0  anon$$obj.o ABSOLUTE
    __ARM_use_no_argv                        0x00000000   Number         0  main.o ABSOLUTE
    __cpp_initialize__aeabi_                  - Undefined Weak Reference
    __cxa_finalize                            - Undefined Weak Reference
    __decompress                              - Undefined Weak Reference
    _clock_init                               - Undefined Weak Reference
    _microlib_exit                            - Undefined Weak Reference
    __Vectors_Size                           0x000000bc   Number         0  startup_stm32f051x8.o ABSOLUTE
    __Vectors                                0x08000000   Data           4  startup_stm32f051x8.o(RESET)
    __Vectors_End                            0x080000bc   Data           0  startup_stm32f051x8.o(RESET)
    __main                                   0x080000bd   Thumb Code     0  entry.o(.ARM.Collect$$$$00000000)
    _main_stk                                0x080000bd   Thumb Code     0  entry2.o(.ARM.Collect$$$$00000001)
    _main_scatterload                        0x080000c1   Thumb Code     0  entry5.o(.ARM.Collect$$$$00000004)
    __main_after_scatterload                 0x080000c5   Thumb Code     0  entry5.o(.ARM.Collect$$$$00000004)
    _main_clock                              0x080000c5   Thumb Code     0  entry7b.o(.ARM.Collect$$$$00000008)
    _main_cpp_init                           0x080000c5   Thumb Code     0  entry8b.o(.ARM.Collect$$$$0000000A)
    _main_init                               0x080000c5   Thumb Code     0  entry9a.o(.ARM.Collect$$$$0000000B)
    __rt_final_cpp                           0x080000cd   Thumb Code     0  entry10a.o(.ARM.Collect$$$$0000000D)
    __rt_final_exit                          0x080000cd   Thumb Code     0  entry11a.o(.ARM.Collect$$$$0000000F)
    Reset_Handler                            0x080000d1   Thumb Code     8  startup_stm32f051x8.o(.text)
    ADC1_COMP_IRQHandler                     0x080000e3   Thumb Code     0  startup_stm32f051x8.o(.text)
    CEC_IRQHandler                           0x080000e3   Thumb Code     0  startup_stm32f051x8.o(.text)
    DMA1_Channel2_3_IRQHandler               0x080000e3   Thumb Code     0  startup_stm32f051x8.o(.text)
    DMA1_Channel4_5_IRQHandler               0x080000e3   Thumb Code     0  startup_stm32f051x8.o(.text)
    EXTI0_1_IRQHandler                       0x080000e3   Thumb Code     0  startup_stm32f051x8.o(.text)
    EXTI2_3_IRQHandler                       0x080000e3   Thumb Code     0  startup_stm32f051x8.o(.text)
    FLASH_IRQHandler                         0x080000e3   Thumb Code     0  startup_stm32f051x8.o(.text)
    I2C1_IRQHandler                          0x080000e3   Thumb Code     0  startup_stm32f051x8.o(.text)
    I2C2_IRQHandler                          0x080000e3   Thumb Code     0  startup_stm32f051x8.o(.text)
    PVD_IRQHandler                           0x080000e3   Thumb Code     0  startup_stm32f051x8.o(.text)
    RCC_IRQHandler                           0x080000e3   Thumb Code     0  startup_stm32f051x8.o(.text)
    RTC_IRQHandler                           0x080000e3   Thumb Code     0  startup_stm32f051x8.o(.text)
    SPI1_IRQHandler                          0x080000e3   Thumb Code     0  startup_stm32f051x8.o(.text)
    SPI2_IRQHandler                          0x080000e3   Thumb Code     0  startup_stm32f051x8.o(.text)
    TIM15_IRQHandler                         0x080000e3   Thumb Code     0  startup_stm32f051x8.o(.text)
    TIM16_IRQHandler                         0x080000e3   Thumb Code     0  startup_stm32f051x8.o(.text)
    TIM17_IRQHandler                         0x080000e3   Thumb Code     0  startup_stm32f051x8.o(.text)
    TIM1_BRK_UP_TRG_COM_IRQHandler           0x080000e3   Thumb Code     0  startup_stm32f051x8.o(.text)
    TIM1_CC_IRQHandler                       0x080000e3   Thumb Code     0  startup_stm32f051x8.o(.text)
    TIM2_IRQHandler                          0x080000e3   Thumb Code     0  startup_stm32f051x8.o(.text)
    TIM6_DAC_IRQHandler                      0x080000e3   Thumb Code     0  startup_stm32f051x8.o(.text)
    TSC_IRQHandler                           0x080000e3   Thumb Code     0  startup_stm32f051x8.o(.text)
    USART1_IRQHandler                        0x080000e3   Thumb Code     0  startup_stm32f051x8.o(.text)
    USART2_IRQHandler                        0x080000e3   Thumb Code     0  startup_stm32f051x8.o(.text)
    WWDG_IRQHandler                          0x080000e3   Thumb Code     0  startup_stm32f051x8.o(.text)
    __aeabi_uidiv                            0x080000ed   Thumb Code     0  uidiv.o(.text)
    __aeabi_uidivmod                         0x080000ed   Thumb Code    44  uidiv.o(.text)
    __aeabi_idiv                             0x08000119   Thumb Code     0  idiv.o(.text)
    __aeabi_idivmod                          0x08000119   Thumb Code    40  idiv.o(.text)
    __aeabi_uldivmod                         0x08000141   Thumb Code    96  uldiv.o(.text)
    __aeabi_llsr                             0x080001a1   Thumb Code    34  llushr.o(.text)
    _ll_ushift_r                             0x080001a1   Thumb Code     0  llushr.o(.text)
    __aeabi_memset                           0x080001c3   Thumb Code    14  memseta.o(.text)
    __aeabi_memset4                          0x080001c3   Thumb Code     0  memseta.o(.text)
    __aeabi_memset8                          0x080001c3   Thumb Code     0  memseta.o(.text)
    __aeabi_memclr                           0x080001d1   Thumb Code     4  memseta.o(.text)
    __aeabi_memclr4                          0x080001d1   Thumb Code     0  memseta.o(.text)
    __aeabi_memclr8                          0x080001d1   Thumb Code     0  memseta.o(.text)
    _memset$wrapper                          0x080001d5   Thumb Code    18  memseta.o(.text)
    __aeabi_fadd                             0x080001e7   Thumb Code   162  fadd.o(.text)
    __aeabi_fsub                             0x08000289   Thumb Code     8  fadd.o(.text)
    __aeabi_frsub                            0x08000291   Thumb Code     8  fadd.o(.text)
    __aeabi_dadd                             0x08000299   Thumb Code   328  dadd.o(.text)
    __aeabi_dsub                             0x080003e1   Thumb Code    12  dadd.o(.text)
    __aeabi_drsub                            0x080003ed   Thumb Code    12  dadd.o(.text)
    __aeabi_dmul                             0x080003fd   Thumb Code   202  dmul.o(.text)
    __aeabi_ddiv                             0x080004cd   Thumb Code   234  ddiv.o(.text)
    __ARM_scalbn                             0x080005bd   Thumb Code    44  dscalb.o(.text)
    scalbn                                   0x080005bd   Thumb Code     0  dscalb.o(.text)
    __aeabi_i2f                              0x080005e9   Thumb Code    22  fflti.o(.text)
    __aeabi_i2d                              0x08000601   Thumb Code    34  dflti.o(.text)
    __aeabi_ui2d                             0x08000629   Thumb Code    24  dfltui.o(.text)
    __aeabi_cdrcmple                         0x08000645   Thumb Code    38  cdrcmple.o(.text)
    __aeabi_d2f                              0x0800066d   Thumb Code    56  d2f.o(.text)
    __aeabi_cfcmpeq                          0x080006a5   Thumb Code     0  cfcmple.o(.text)
    __aeabi_cfcmple                          0x080006a5   Thumb Code    20  cfcmple.o(.text)
    __aeabi_cfrcmple                         0x080006b9   Thumb Code    20  cfrcmple.o(.text)
    __aeabi_llsl                             0x080006cd   Thumb Code    32  llshl.o(.text)
    _ll_shift_l                              0x080006cd   Thumb Code     0  llshl.o(.text)
    __aeabi_lasr                             0x080006ed   Thumb Code    38  llsshr.o(.text)
    _ll_sshift_r                             0x080006ed   Thumb Code     0  llsshr.o(.text)
    __I$use$fp                               0x08000713   Thumb Code     0  iusefp.o(.text)
    _float_round                             0x08000713   Thumb Code    16  fepilogue.o(.text)
    _float_epilogue                          0x08000723   Thumb Code   114  fepilogue.o(.text)
    _double_round                            0x08000795   Thumb Code    26  depilogue.o(.text)
    _double_epilogue                         0x080007af   Thumb Code   164  depilogue.o(.text)
    __scatterload                            0x08000855   Thumb Code    28  init.o(.text)
    __scatterload_rt2                        0x08000855   Thumb Code     0  init.o(.text)
    DMA1_Channel1_IRQHandler                 0x0800098d   Thumb Code    10  stm32f0xx_it.o(i.DMA1_Channel1_IRQHandler)
    DWT_Delay_us                             0x080009e9   Thumb Code    16  main.o(i.DWT_Delay_us)
    EXTI4_15_IRQHandler                      0x080009f9   Thumb Code    12  stm32f0xx_it.o(i.EXTI4_15_IRQHandler)
    Error_Handler                            0x08000a05   Thumb Code     4  main.o(i.Error_Handler)
    FLASH_PageErase                          0x08000a2d   Thumb Code    28  stm32f0xx_hal_flash_ex.o(i.FLASH_PageErase)
    FLASH_WaitForLastOperation               0x08000aa9   Thumb Code    76  stm32f0xx_hal_flash.o(i.FLASH_WaitForLastOperation)
    HAL_ADC_ConfigChannel                    0x08000af9   Thumb Code   284  stm32f0xx_hal_adc.o(i.HAL_ADC_ConfigChannel)
    HAL_ADC_ConvCpltCallback                 0x08000c25   Thumb Code     2  stm32f0xx_hal_adc.o(i.HAL_ADC_ConvCpltCallback)
    HAL_ADC_ConvHalfCpltCallback             0x08000c27   Thumb Code     2  stm32f0xx_hal_adc.o(i.HAL_ADC_ConvHalfCpltCallback)
    HAL_ADC_ErrorCallback                    0x08000c29   Thumb Code     2  stm32f0xx_hal_adc.o(i.HAL_ADC_ErrorCallback)
    HAL_ADC_Init                             0x08000c2d   Thumb Code   366  stm32f0xx_hal_adc.o(i.HAL_ADC_Init)
    HAL_ADC_MspInit                          0x08000da5   Thumb Code   124  adc.o(i.HAL_ADC_MspInit)
    HAL_ADC_Start_DMA                        0x08000e31   Thumb Code   144  stm32f0xx_hal_adc.o(i.HAL_ADC_Start_DMA)
    HAL_DMA_IRQHandler                       0x08000ed1   Thumb Code   156  stm32f0xx_hal_dma.o(i.HAL_DMA_IRQHandler)
    HAL_DMA_Init                             0x08000f6d   Thumb Code    78  stm32f0xx_hal_dma.o(i.HAL_DMA_Init)
    HAL_DMA_Start_IT                         0x08000fc1   Thumb Code   106  stm32f0xx_hal_dma.o(i.HAL_DMA_Start_IT)
    HAL_Delay                                0x0800102d   Thumb Code    32  stm32f0xx_hal.o(i.HAL_Delay)
    HAL_FLASHEx_Erase                        0x08001051   Thumb Code   148  stm32f0xx_hal_flash_ex.o(i.HAL_FLASHEx_Erase)
    HAL_FLASH_Lock                           0x080010f1   Thumb Code    14  stm32f0xx_hal_flash.o(i.HAL_FLASH_Lock)
    HAL_FLASH_Program                        0x08001105   Thumb Code   110  stm32f0xx_hal_flash.o(i.HAL_FLASH_Program)
    HAL_FLASH_Unlock                         0x08001181   Thumb Code    28  stm32f0xx_hal_flash.o(i.HAL_FLASH_Unlock)
    HAL_GPIO_EXTI_Callback                   0x080011a9   Thumb Code    16  main.o(i.HAL_GPIO_EXTI_Callback)
    HAL_GPIO_EXTI_IRQHandler                 0x080011bd   Thumb Code    18  stm32f0xx_hal_gpio.o(i.HAL_GPIO_EXTI_IRQHandler)
    HAL_GPIO_Init                            0x080011d5   Thumb Code   344  stm32f0xx_hal_gpio.o(i.HAL_GPIO_Init)
    HAL_GPIO_ReadPin                         0x08001345   Thumb Code    10  stm32f0xx_hal_gpio.o(i.HAL_GPIO_ReadPin)
    HAL_GPIO_TogglePin                       0x0800134f   Thumb Code    16  stm32f0xx_hal_gpio.o(i.HAL_GPIO_TogglePin)
    HAL_GPIO_WritePin                        0x0800135f   Thumb Code    12  stm32f0xx_hal_gpio.o(i.HAL_GPIO_WritePin)
    HAL_GetTick                              0x0800136d   Thumb Code     6  stm32f0xx_hal.o(i.HAL_GetTick)
    HAL_IncTick                              0x08001379   Thumb Code    12  stm32f0xx_hal.o(i.HAL_IncTick)
    HAL_Init                                 0x08001389   Thumb Code    26  stm32f0xx_hal.o(i.HAL_Init)
    HAL_InitTick                             0x080013a9   Thumb Code    58  stm32f0xx_hal.o(i.HAL_InitTick)
    HAL_MspInit                              0x080013ed   Thumb Code    34  stm32f0xx_hal_msp.o(i.HAL_MspInit)
    HAL_NVIC_DisableIRQ                      0x08001415   Thumb Code    26  stm32f0xx_hal_cortex.o(i.HAL_NVIC_DisableIRQ)
    HAL_NVIC_EnableIRQ                       0x08001435   Thumb Code    18  stm32f0xx_hal_cortex.o(i.HAL_NVIC_EnableIRQ)
    HAL_NVIC_SetPriority                     0x0800144d   Thumb Code     8  stm32f0xx_hal_cortex.o(i.HAL_NVIC_SetPriority)
    HAL_RCC_ClockConfig                      0x08001455   Thumb Code   242  stm32f0xx_hal_rcc.o(i.HAL_RCC_ClockConfig)
    HAL_RCC_GetSysClockFreq                  0x0800155d   Thumb Code    84  stm32f0xx_hal_rcc.o(i.HAL_RCC_GetSysClockFreq)
    HAL_RCC_OscConfig                        0x080015dd   Thumb Code   890  stm32f0xx_hal_rcc.o(i.HAL_RCC_OscConfig)
    HAL_SYSTICK_Config                       0x08001965   Thumb Code    38  stm32f0xx_hal_cortex.o(i.HAL_SYSTICK_Config)
    HAL_TIMEx_BreakCallback                  0x08001995   Thumb Code     2  stm32f0xx_hal_tim_ex.o(i.HAL_TIMEx_BreakCallback)
    HAL_TIMEx_CommutCallback                 0x08001997   Thumb Code     2  stm32f0xx_hal_tim_ex.o(i.HAL_TIMEx_CommutCallback)
    HAL_TIMEx_MasterConfigSynchronization    0x08001999   Thumb Code    84  stm32f0xx_hal_tim_ex.o(i.HAL_TIMEx_MasterConfigSynchronization)
    HAL_TIM_Base_Init                        0x080019f9   Thumb Code    72  stm32f0xx_hal_tim.o(i.HAL_TIM_Base_Init)
    HAL_TIM_Base_MspInit                     0x08001a41   Thumb Code   102  tim.o(i.HAL_TIM_Base_MspInit)
    HAL_TIM_Base_Start                       0x08001ab5   Thumb Code    66  stm32f0xx_hal_tim.o(i.HAL_TIM_Base_Start)
    HAL_TIM_Base_Start_IT                    0x08001b05   Thumb Code    74  stm32f0xx_hal_tim.o(i.HAL_TIM_Base_Start_IT)
    HAL_TIM_ConfigClockSource                0x08001b5d   Thumb Code   208  stm32f0xx_hal_tim.o(i.HAL_TIM_ConfigClockSource)
    HAL_TIM_IC_CaptureCallback               0x08001c2d   Thumb Code     2  stm32f0xx_hal_tim.o(i.HAL_TIM_IC_CaptureCallback)
    HAL_TIM_IRQHandler                       0x08001c2f   Thumb Code   354  stm32f0xx_hal_tim.o(i.HAL_TIM_IRQHandler)
    HAL_TIM_OC_DelayElapsedCallback          0x08001d91   Thumb Code     2  stm32f0xx_hal_tim.o(i.HAL_TIM_OC_DelayElapsedCallback)
    HAL_TIM_PWM_PulseFinishedCallback        0x08001d93   Thumb Code     2  stm32f0xx_hal_tim.o(i.HAL_TIM_PWM_PulseFinishedCallback)
    HAL_TIM_PeriodElapsedCallback            0x08001d95   Thumb Code   570  main.o(i.HAL_TIM_PeriodElapsedCallback)
    HAL_TIM_TriggerCallback                  0x08001fed   Thumb Code     2  stm32f0xx_hal_tim.o(i.HAL_TIM_TriggerCallback)
    HardFault_Handler                        0x08001fef   Thumb Code     2  stm32f0xx_it.o(i.HardFault_Handler)
    Is_Indoor_Fan_On                         0x08001ff1   Thumb Code    52  main.o(i.Is_Indoor_Fan_On)
    MX_ADC_Init                              0x08002025   Thumb Code   166  adc.o(i.MX_ADC_Init)
    MX_DMA_Init                              0x080020d5   Thumb Code    36  dma.o(i.MX_DMA_Init)
    MX_GPIO_Init                             0x080020fd   Thumb Code   176  gpio.o(i.MX_GPIO_Init)
    MX_TIM14_Init                            0x080021c5   Thumb Code    40  tim.o(i.MX_TIM14_Init)
    MX_TIM2_Init                             0x080021f9   Thumb Code    98  tim.o(i.MX_TIM2_Init)
    MX_TIM3_Init                             0x08002261   Thumb Code    96  tim.o(i.MX_TIM3_Init)
    NMI_Handler                              0x080022cd   Thumb Code     2  stm32f0xx_it.o(i.NMI_Handler)
    PendSV_Handler                           0x080022cf   Thumb Code     2  stm32f0xx_it.o(i.PendSV_Handler)
    SVC_Handler                              0x080022d1   Thumb Code     2  stm32f0xx_it.o(i.SVC_Handler)
    SysTick_Handler                          0x080022d3   Thumb Code     8  stm32f0xx_it.o(i.SysTick_Handler)
    SystemClock_Config                       0x080022db   Thumb Code    94  main.o(i.SystemClock_Config)
    SystemInit                               0x08002339   Thumb Code     2  system_stm32f0xx.o(i.SystemInit)
    TIM14_IRQHandler                         0x0800233d   Thumb Code    10  stm32f0xx_it.o(i.TIM14_IRQHandler)
    TIM3_IRQHandler                          0x0800234d   Thumb Code    10  stm32f0xx_it.o(i.TIM3_IRQHandler)
    TIM_Base_SetConfig                       0x0800235d   Thumb Code   124  stm32f0xx_hal_tim.o(i.TIM_Base_SetConfig)
    TIM_ETR_SetConfig                        0x080023f1   Thumb Code    22  stm32f0xx_hal_tim.o(i.TIM_ETR_SetConfig)
    Write_To_Flash                           0x08002461   Thumb Code    56  main.o(i.Write_To_Flash)
    __ARM_clz                                0x080024a1   Thumb Code    46  depilogue.o(i.__ARM_clz)
    __ARM_common_ll_muluu                    0x080024cf   Thumb Code    48  stm32f0xx_hal_rcc.o(i.__ARM_common_ll_muluu)
    __scatterload_copy                       0x08002545   Thumb Code    14  handlers.o(i.__scatterload_copy)
    __scatterload_null                       0x08002553   Thumb Code     2  handlers.o(i.__scatterload_null)
    __scatterload_zeroinit                   0x08002555   Thumb Code    14  handlers.o(i.__scatterload_zeroinit)
    _tm1637ClkHigh                           0x08002565   Thumb Code    14  stm32_tm1637.o(i._tm1637ClkHigh)
    _tm1637ClkLow                            0x08002579   Thumb Code    14  stm32_tm1637.o(i._tm1637ClkLow)
    _tm1637DelayUsec                         0x0800258d   Thumb Code    24  stm32_tm1637.o(i._tm1637DelayUsec)
    _tm1637DioHigh                           0x080025a5   Thumb Code    14  stm32_tm1637.o(i._tm1637DioHigh)
    _tm1637DioLow                            0x080025b9   Thumb Code    14  stm32_tm1637.o(i._tm1637DioLow)
    _tm1637ReadResult                        0x080025cd   Thumb Code    28  stm32_tm1637.o(i._tm1637ReadResult)
    _tm1637Start                             0x080025e9   Thumb Code    22  stm32_tm1637.o(i._tm1637Start)
    _tm1637Stop                              0x080025ff   Thumb Code    38  stm32_tm1637.o(i._tm1637Stop)
    _tm1637WriteByte                         0x08002625   Thumb Code    50  stm32_tm1637.o(i._tm1637WriteByte)
    adc2temp                                 0x08002659   Thumb Code    96  main.o(i.adc2temp)
    fan_indoor                               0x080026e1   Thumb Code   230  main.o(i.fan_indoor)
    ir_praser                                0x080027c9   Thumb Code   524  main.o(i.ir_praser)
    main                                     0x080029e1   Thumb Code  2612  main.o(i.main)
    receive_data                             0x08003425   Thumb Code   128  main.o(i.receive_data)
    tm1637DisplayDecimal                     0x080034b1   Thumb Code   108  stm32_tm1637.o(i.tm1637DisplayDecimal)
    tm1637Init                               0x08003521   Thumb Code    90  stm32_tm1637.o(i.tm1637Init)
    tm1637SetBrightness                      0x08003585   Thumb Code    26  stm32_tm1637.o(i.tm1637SetBrightness)
    segmentMap                               0x0800359e   Data          17  stm32_tm1637.o(.constdata)
    AHBPrescTable                            0x080035af   Data          16  system_stm32f0xx.o(.constdata)
    Region$$Table$$Base                      0x080035c0   Number         0  anon$$obj.o(Region$$Table)
    Region$$Table$$Limit                     0x080035e0   Number         0  anon$$obj.o(Region$$Table)
    adc_count                                0x20000000   Data           2  main.o(.data)
    debunce_rep                              0x20000004   Data           4  main.o(.data)
    debunce                                  0x20000008   Data           4  main.o(.data)
    pageAddress_start                        0x2000000c   Data           4  main.o(.data)
    pageAddress_Set_Point                    0x20000010   Data           4  main.o(.data)
    PAGEError                                0x20000014   Data           4  main.o(.data)
    Count_Show                               0x20000018   Data           4  main.o(.data)
    Flag_IR                                  0x2000001c   Data           4  main.o(.data)
    i                                        0x20000020   Data           4  main.o(.data)
    count                                    0x20000024   Data           4  main.o(.data)
    Power                                    0x20000028   Data           4  main.o(.data)
    Timing                                   0x2000002c   Data           4  main.o(.data)
    Sleeping                                 0x20000030   Data           4  main.o(.data)
    flag_Read_IR                             0x20000034   Data           4  main.o(.data)
    envirment_temp                           0x20000038   Data           4  main.o(.data)
    pipe_temp                                0x2000003c   Data           4  main.o(.data)
    temp_setpoint                            0x20000040   Data           4  main.o(.data)
    Timer_setpoint                           0x20000044   Data           4  main.o(.data)
    comprasor_count                          0x20000048   Data           4  main.o(.data)
    ElecValve_count                          0x2000004c   Data           4  main.o(.data)
    swing_time_count                         0x20000050   Data           4  main.o(.data)
    swing_loop_count                         0x20000054   Data           4  main.o(.data)
    swing_dir                                0x20000058   Data           4  main.o(.data)
    swing_mode                               0x2000005c   Data           4  main.o(.data)
    Work_Mode                                0x20000060   Data           4  main.o(.data)
    auto_mode_selected                       0x20000064   Data           4  main.o(.data)
    status_flash                             0x20000068   Data           4  main.o(.data)
    air_flow_flag                            0x2000006c   Data           4  main.o(.data)
    air_flow_loop_count                      0x20000070   Data           4  main.o(.data)
    count_fan                                0x20000074   Data           4  main.o(.data)
    adc_temp_avg                             0x20000078   Data           4  main.o(.data)
    ind                                      0x2000007c   Data           4  main.o(.data)
    swing_level                              0x20000080   Data           4  main.o(.data)
    level_work                               0x20000084   Data           4  main.o(.data)
    indoor_fan_mode                          0x20000088   Data           4  main.o(.data)
    comprasor_dry_count                      0x2000008c   Data           4  main.o(.data)
    uwTickFreq                               0x20000090   Data           1  stm32f0xx_hal.o(.data)
    uwTickPrio                               0x20000094   Data           4  stm32f0xx_hal.o(.data)
    uwTick                                   0x20000098   Data           4  stm32f0xx_hal.o(.data)
    SystemCoreClock                          0x2000009c   Data           4  system_stm32f0xx.o(.data)
    ADC_Value                                0x200000a0   Data          10  main.o(.bss)
    ADC_temp1_ok                             0x200000aa   Data          20  main.o(.bss)
    ADC_temp2_ok                             0x200000be   Data          20  main.o(.bss)
    rec_bits                                 0x200000d4   Data        1020  main.o(.bss)
    EraseInitStruct                          0x200004d0   Data          12  main.o(.bss)
    swing_info                               0x200004dc   Data          24  main.o(.bss)
    hadc                                     0x200004f4   Data          64  adc.o(.bss)
    hdma_adc                                 0x20000534   Data          68  adc.o(.bss)
    htim2                                    0x20000578   Data          72  tim.o(.bss)
    htim3                                    0x200005c0   Data          72  tim.o(.bss)
    htim14                                   0x20000608   Data          72  tim.o(.bss)
    pFlash                                   0x20000650   Data          32  stm32f0xx_hal_flash.o(.bss)
    __initial_sp                             0x20000a70   Data           0  startup_stm32f051x8.o(STACK)



==============================================================================

Memory Map of the image

  Image Entry point : 0x080000bd

  Load Region LR_IROM1 (Base: 0x08000000, Size: 0x00003680, Max: 0x00010000, ABSOLUTE)

    Execution Region ER_IROM1 (Base: 0x08000000, Size: 0x000035e0, Max: 0x00010000, ABSOLUTE)

    Base Addr    Size         Type   Attr      Idx    E Section Name        Object

    0x08000000   0x000000bc   Data   RO            3    RESET               startup_stm32f051x8.o
    0x080000bc   0x00000000   Code   RO         3202  * .ARM.Collect$$$$00000000  mc_p.l(entry.o)
    0x080000bc   0x00000004   Code   RO         3239    .ARM.Collect$$$$00000001  mc_p.l(entry2.o)
    0x080000c0   0x00000004   Code   RO         3242    .ARM.Collect$$$$00000004  mc_p.l(entry5.o)
    0x080000c4   0x00000000   Code   RO         3244    .ARM.Collect$$$$00000008  mc_p.l(entry7b.o)
    0x080000c4   0x00000000   Code   RO         3246    .ARM.Collect$$$$0000000A  mc_p.l(entry8b.o)
    0x080000c4   0x00000008   Code   RO         3247    .ARM.Collect$$$$0000000B  mc_p.l(entry9a.o)
    0x080000cc   0x00000000   Code   RO         3249    .ARM.Collect$$$$0000000D  mc_p.l(entry10a.o)
    0x080000cc   0x00000000   Code   RO         3251    .ARM.Collect$$$$0000000F  mc_p.l(entry11a.o)
    0x080000cc   0x00000004   Code   RO         3240    .ARM.Collect$$$$00002712  mc_p.l(entry2.o)
    0x080000d0   0x0000001c   Code   RO            4    .text               startup_stm32f051x8.o
    0x080000ec   0x0000002c   Code   RO         3205    .text               mc_p.l(uidiv.o)
    0x08000118   0x00000028   Code   RO         3207    .text               mc_p.l(idiv.o)
    0x08000140   0x00000060   Code   RO         3209    .text               mc_p.l(uldiv.o)
    0x080001a0   0x00000022   Code   RO         3211    .text               mc_p.l(llushr.o)
    0x080001c2   0x00000024   Code   RO         3213    .text               mc_p.l(memseta.o)
    0x080001e6   0x000000b2   Code   RO         3215    .text               mf_p.l(fadd.o)
    0x08000298   0x00000164   Code   RO         3217    .text               mf_p.l(dadd.o)
    0x080003fc   0x000000d0   Code   RO         3219    .text               mf_p.l(dmul.o)
    0x080004cc   0x000000f0   Code   RO         3221    .text               mf_p.l(ddiv.o)
    0x080005bc   0x0000002c   Code   RO         3223    .text               mf_p.l(dscalb.o)
    0x080005e8   0x00000016   Code   RO         3225    .text               mf_p.l(fflti.o)
    0x080005fe   0x00000002   PAD
    0x08000600   0x00000028   Code   RO         3227    .text               mf_p.l(dflti.o)
    0x08000628   0x0000001c   Code   RO         3229    .text               mf_p.l(dfltui.o)
    0x08000644   0x00000028   Code   RO         3231    .text               mf_p.l(cdrcmple.o)
    0x0800066c   0x00000038   Code   RO         3233    .text               mf_p.l(d2f.o)
    0x080006a4   0x00000014   Code   RO         3235    .text               mf_p.l(cfcmple.o)
    0x080006b8   0x00000014   Code   RO         3237    .text               mf_p.l(cfrcmple.o)
    0x080006cc   0x00000020   Code   RO         3253    .text               mc_p.l(llshl.o)
    0x080006ec   0x00000026   Code   RO         3255    .text               mc_p.l(llsshr.o)
    0x08000712   0x00000000   Code   RO         3257    .text               mc_p.l(iusefp.o)
    0x08000712   0x00000082   Code   RO         3258    .text               mf_p.l(fepilogue.o)
    0x08000794   0x000000be   Code   RO         3260    .text               mf_p.l(depilogue.o)
    0x08000852   0x00000002   PAD
    0x08000854   0x00000024   Code   RO         3264    .text               mc_p.l(init.o)
    0x08000878   0x0000006c   Code   RO          586    i.ADC_DMAConvCplt   stm32f0xx_hal_adc.o
    0x080008e4   0x0000001a   Code   RO          587    i.ADC_DMAError      stm32f0xx_hal_adc.o
    0x080008fe   0x0000000a   Code   RO          588    i.ADC_DMAHalfConvCplt  stm32f0xx_hal_adc.o
    0x08000908   0x00000084   Code   RO          590    i.ADC_Enable        stm32f0xx_hal_adc.o
    0x0800098c   0x00000010   Code   RO          493    i.DMA1_Channel1_IRQHandler  stm32f0xx_it.o
    0x0800099c   0x00000024   Code   RO         1635    i.DMA_CalcBaseAndBitshift  stm32f0xx_hal_dma.o
    0x080009c0   0x00000028   Code   RO         1636    i.DMA_SetConfig     stm32f0xx_hal_dma.o
    0x080009e8   0x00000010   Code   RO          195    i.DWT_Delay_us      main.o
    0x080009f8   0x0000000c   Code   RO          494    i.EXTI4_15_IRQHandler  stm32f0xx_it.o
    0x08000a04   0x00000004   Code   RO          196    i.Error_Handler     main.o
    0x08000a08   0x00000024   Code   RO         2056    i.FLASH_MassErase   stm32f0xx_hal_flash_ex.o
    0x08000a2c   0x00000024   Code   RO         2061    i.FLASH_PageErase   stm32f0xx_hal_flash_ex.o
    0x08000a50   0x00000020   Code   RO         1957    i.FLASH_Program_HalfWord  stm32f0xx_hal_flash.o
    0x08000a70   0x00000038   Code   RO         1958    i.FLASH_SetErrorCode  stm32f0xx_hal_flash.o
    0x08000aa8   0x00000050   Code   RO         1959    i.FLASH_WaitForLastOperation  stm32f0xx_hal_flash.o
    0x08000af8   0x0000012c   Code   RO          592    i.HAL_ADC_ConfigChannel  stm32f0xx_hal_adc.o
    0x08000c24   0x00000002   Code   RO          593    i.HAL_ADC_ConvCpltCallback  stm32f0xx_hal_adc.o
    0x08000c26   0x00000002   Code   RO          594    i.HAL_ADC_ConvHalfCpltCallback  stm32f0xx_hal_adc.o
    0x08000c28   0x00000002   Code   RO          596    i.HAL_ADC_ErrorCallback  stm32f0xx_hal_adc.o
    0x08000c2a   0x00000002   PAD
    0x08000c2c   0x00000178   Code   RO          601    i.HAL_ADC_Init      stm32f0xx_hal_adc.o
    0x08000da4   0x0000008c   Code   RO          386    i.HAL_ADC_MspInit   adc.o
    0x08000e30   0x000000a0   Code   RO          608    i.HAL_ADC_Start_DMA  stm32f0xx_hal_adc.o
    0x08000ed0   0x0000009c   Code   RO         1642    i.HAL_DMA_IRQHandler  stm32f0xx_hal_dma.o
    0x08000f6c   0x00000054   Code   RO         1643    i.HAL_DMA_Init      stm32f0xx_hal_dma.o
    0x08000fc0   0x0000006a   Code   RO         1647    i.HAL_DMA_Start_IT  stm32f0xx_hal_dma.o
    0x0800102a   0x00000002   PAD
    0x0800102c   0x00000024   Code   RO          912    i.HAL_Delay         stm32f0xx_hal.o
    0x08001050   0x000000a0   Code   RO         2062    i.HAL_FLASHEx_Erase  stm32f0xx_hal_flash_ex.o
    0x080010f0   0x00000014   Code   RO         1963    i.HAL_FLASH_Lock    stm32f0xx_hal_flash.o
    0x08001104   0x0000007c   Code   RO         1968    i.HAL_FLASH_Program  stm32f0xx_hal_flash.o
    0x08001180   0x00000028   Code   RO         1970    i.HAL_FLASH_Unlock  stm32f0xx_hal_flash.o
    0x080011a8   0x00000014   Code   RO          197    i.HAL_GPIO_EXTI_Callback  main.o
    0x080011bc   0x00000018   Code   RO         1575    i.HAL_GPIO_EXTI_IRQHandler  stm32f0xx_hal_gpio.o
    0x080011d4   0x00000170   Code   RO         1576    i.HAL_GPIO_Init     stm32f0xx_hal_gpio.o
    0x08001344   0x0000000a   Code   RO         1578    i.HAL_GPIO_ReadPin  stm32f0xx_hal_gpio.o
    0x0800134e   0x00000010   Code   RO         1579    i.HAL_GPIO_TogglePin  stm32f0xx_hal_gpio.o
    0x0800135e   0x0000000c   Code   RO         1580    i.HAL_GPIO_WritePin  stm32f0xx_hal_gpio.o
    0x0800136a   0x00000002   PAD
    0x0800136c   0x0000000c   Code   RO          916    i.HAL_GetTick       stm32f0xx_hal.o
    0x08001378   0x00000010   Code   RO          922    i.HAL_IncTick       stm32f0xx_hal.o
    0x08001388   0x00000020   Code   RO          923    i.HAL_Init          stm32f0xx_hal.o
    0x080013a8   0x00000044   Code   RO          924    i.HAL_InitTick      stm32f0xx_hal.o
    0x080013ec   0x00000028   Code   RO          565    i.HAL_MspInit       stm32f0xx_hal_msp.o
    0x08001414   0x00000020   Code   RO         1734    i.HAL_NVIC_DisableIRQ  stm32f0xx_hal_cortex.o
    0x08001434   0x00000018   Code   RO         1735    i.HAL_NVIC_EnableIRQ  stm32f0xx_hal_cortex.o
    0x0800144c   0x00000008   Code   RO         1739    i.HAL_NVIC_SetPriority  stm32f0xx_hal_cortex.o
    0x08001454   0x00000108   Code   RO          782    i.HAL_RCC_ClockConfig  stm32f0xx_hal_rcc.o
    0x0800155c   0x00000080   Code   RO          790    i.HAL_RCC_GetSysClockFreq  stm32f0xx_hal_rcc.o
    0x080015dc   0x00000388   Code   RO          793    i.HAL_RCC_OscConfig  stm32f0xx_hal_rcc.o
    0x08001964   0x00000030   Code   RO         1743    i.HAL_SYSTICK_Config  stm32f0xx_hal_cortex.o
    0x08001994   0x00000002   Code   RO         2907    i.HAL_TIMEx_BreakCallback  stm32f0xx_hal_tim_ex.o
    0x08001996   0x00000002   Code   RO         2908    i.HAL_TIMEx_CommutCallback  stm32f0xx_hal_tim_ex.o
    0x08001998   0x00000060   Code   RO         2926    i.HAL_TIMEx_MasterConfigSynchronization  stm32f0xx_hal_tim_ex.o
    0x080019f8   0x00000048   Code   RO         2207    i.HAL_TIM_Base_Init  stm32f0xx_hal_tim.o
    0x08001a40   0x00000074   Code   RO          444    i.HAL_TIM_Base_MspInit  tim.o
    0x08001ab4   0x00000050   Code   RO         2210    i.HAL_TIM_Base_Start  stm32f0xx_hal_tim.o
    0x08001b04   0x00000058   Code   RO         2212    i.HAL_TIM_Base_Start_IT  stm32f0xx_hal_tim.o
    0x08001b5c   0x000000d0   Code   RO         2216    i.HAL_TIM_ConfigClockSource  stm32f0xx_hal_tim.o
    0x08001c2c   0x00000002   Code   RO         2241    i.HAL_TIM_IC_CaptureCallback  stm32f0xx_hal_tim.o
    0x08001c2e   0x00000162   Code   RO         2255    i.HAL_TIM_IRQHandler  stm32f0xx_hal_tim.o
    0x08001d90   0x00000002   Code   RO         2258    i.HAL_TIM_OC_DelayElapsedCallback  stm32f0xx_hal_tim.o
    0x08001d92   0x00000002   Code   RO         2285    i.HAL_TIM_PWM_PulseFinishedCallback  stm32f0xx_hal_tim.o
    0x08001d94   0x00000258   Code   RO          198    i.HAL_TIM_PeriodElapsedCallback  main.o
    0x08001fec   0x00000002   Code   RO         2298    i.HAL_TIM_TriggerCallback  stm32f0xx_hal_tim.o
    0x08001fee   0x00000002   Code   RO          495    i.HardFault_Handler  stm32f0xx_it.o
    0x08001ff0   0x00000034   Code   RO          199    i.Is_Indoor_Fan_On  main.o
    0x08002024   0x000000b0   Code   RO          387    i.MX_ADC_Init       adc.o
    0x080020d4   0x00000028   Code   RO          423    i.MX_DMA_Init       dma.o
    0x080020fc   0x000000c8   Code   RO          365    i.MX_GPIO_Init      gpio.o
    0x080021c4   0x00000034   Code   RO          445    i.MX_TIM14_Init     tim.o
    0x080021f8   0x00000068   Code   RO          446    i.MX_TIM2_Init      tim.o
    0x08002260   0x0000006c   Code   RO          447    i.MX_TIM3_Init      tim.o
    0x080022cc   0x00000002   Code   RO          496    i.NMI_Handler       stm32f0xx_it.o
    0x080022ce   0x00000002   Code   RO          497    i.PendSV_Handler    stm32f0xx_it.o
    0x080022d0   0x00000002   Code   RO          498    i.SVC_Handler       stm32f0xx_it.o
    0x080022d2   0x00000008   Code   RO          499    i.SysTick_Handler   stm32f0xx_it.o
    0x080022da   0x0000005e   Code   RO          200    i.SystemClock_Config  main.o
    0x08002338   0x00000002   Code   RO         3171    i.SystemInit        system_stm32f0xx.o
    0x0800233a   0x00000002   PAD
    0x0800233c   0x00000010   Code   RO          500    i.TIM14_IRQHandler  stm32f0xx_it.o
    0x0800234c   0x00000010   Code   RO          501    i.TIM3_IRQHandler   stm32f0xx_it.o
    0x0800235c   0x00000094   Code   RO         2300    i.TIM_Base_SetConfig  stm32f0xx_hal_tim.o
    0x080023f0   0x00000016   Code   RO         2311    i.TIM_ETR_SetConfig  stm32f0xx_hal_tim.o
    0x08002406   0x00000010   Code   RO         2312    i.TIM_ITRx_SetConfig  stm32f0xx_hal_tim.o
    0x08002416   0x00000022   Code   RO         2318    i.TIM_TI1_ConfigInputStage  stm32f0xx_hal_tim.o
    0x08002438   0x00000026   Code   RO         2320    i.TIM_TI2_ConfigInputStage  stm32f0xx_hal_tim.o
    0x0800245e   0x00000002   PAD
    0x08002460   0x00000040   Code   RO          201    i.Write_To_Flash    main.o
    0x080024a0   0x0000002e   Code   RO         3262    i.__ARM_clz         mf_p.l(depilogue.o)
    0x080024ce   0x00000030   Code   RO          867    i.__ARM_common_ll_muluu  stm32f0xx_hal_rcc.o
    0x080024fe   0x00000002   PAD
    0x08002500   0x00000044   Code   RO         1745    i.__NVIC_SetPriority  stm32f0xx_hal_cortex.o
    0x08002544   0x0000000e   Code   RO         3268    i.__scatterload_copy  mc_p.l(handlers.o)
    0x08002552   0x00000002   Code   RO         3269    i.__scatterload_null  mc_p.l(handlers.o)
    0x08002554   0x0000000e   Code   RO         3270    i.__scatterload_zeroinit  mc_p.l(handlers.o)
    0x08002562   0x00000002   PAD
    0x08002564   0x00000014   Code   RO           12    i._tm1637ClkHigh    stm32_tm1637.o
    0x08002578   0x00000014   Code   RO           13    i._tm1637ClkLow     stm32_tm1637.o
    0x0800258c   0x00000018   Code   RO           14    i._tm1637DelayUsec  stm32_tm1637.o
    0x080025a4   0x00000014   Code   RO           15    i._tm1637DioHigh    stm32_tm1637.o
    0x080025b8   0x00000014   Code   RO           16    i._tm1637DioLow     stm32_tm1637.o
    0x080025cc   0x0000001c   Code   RO           17    i._tm1637ReadResult  stm32_tm1637.o
    0x080025e8   0x00000016   Code   RO           18    i._tm1637Start      stm32_tm1637.o
    0x080025fe   0x00000026   Code   RO           19    i._tm1637Stop       stm32_tm1637.o
    0x08002624   0x00000032   Code   RO           20    i._tm1637WriteByte  stm32_tm1637.o
    0x08002656   0x00000002   PAD
    0x08002658   0x00000088   Code   RO          202    i.adc2temp          main.o
    0x080026e0   0x000000e6   Code   RO          203    i.fan_indoor        main.o
    0x080027c6   0x00000002   PAD
    0x080027c8   0x00000218   Code   RO          207    i.ir_praser         main.o
    0x080029e0   0x00000a44   Code   RO          208    i.main              main.o
    0x08003424   0x0000008c   Code   RO          209    i.receive_data      main.o
    0x080034b0   0x00000070   Code   RO           21    i.tm1637DisplayDecimal  stm32_tm1637.o
    0x08003520   0x00000064   Code   RO           23    i.tm1637Init        stm32_tm1637.o
    0x08003584   0x0000001a   Code   RO           24    i.tm1637SetBrightness  stm32_tm1637.o
    0x0800359e   0x00000011   Data   RO           25    .constdata          stm32_tm1637.o
    0x080035af   0x00000010   Data   RO         3172    .constdata          system_stm32f0xx.o
    0x080035bf   0x00000001   PAD
    0x080035c0   0x00000020   Data   RO         3266    Region$$Table       anon$$obj.o


    Execution Region RW_IRAM1 (Base: 0x20000000, Size: 0x00000a70, Max: 0x00002000, ABSOLUTE)

    Base Addr    Size         Type   Attr      Idx    E Section Name        Object

    0x20000000   0x00000090   Data   RW          219    .data               main.o
    0x20000090   0x0000000c   Data   RW          930    .data               stm32f0xx_hal.o
    0x2000009c   0x00000004   Data   RW         3174    .data               system_stm32f0xx.o
    0x200000a0   0x00000454   Zero   RW          216    .bss                main.o
    0x200004f4   0x00000084   Zero   RW          388    .bss                adc.o
    0x20000578   0x000000d8   Zero   RW          448    .bss                tim.o
    0x20000650   0x00000020   Zero   RW         1971    .bss                stm32f0xx_hal_flash.o
    0x20000670   0x00000400   Zero   RW            1    STACK               startup_stm32f051x8.o


==============================================================================

Image component sizes


      Code (inc. data)   RO Data    RW Data    ZI Data      Debug   Object Name

       316         26          0          0        132       1708   adc.o
        40          4          0          0          0        702   dma.o
       200         24          0          0          0        931   gpio.o
      4520        210          0        144       1108      11006   main.o
        28          8        188          0       1024        612   startup_stm32f051x8.o
       480         38         17          0          0     317524   stm32_tm1637.o
       164         30          0         12          0       8049   stm32f0xx_hal.o
      1118         54          0          0          0       7357   stm32f0xx_hal_adc.o
       180         30          0          0          0      10863   stm32f0xx_hal_cortex.o
       422         16          0          0          0       4019   stm32f0xx_hal_dma.o
       352         56          0          0         32       4578   stm32f0xx_hal_flash.o
       232         30          0          0          0       2989   stm32f0xx_hal_flash_ex.o
       430         30          0          0          0       3991   stm32f0xx_hal_gpio.o
        40          6          0          0          0        790   stm32f0xx_hal_msp.o
      1344         80          0          0          0       4010   stm32f0xx_hal_rcc.o
      1068         52          0          0          0       9818   stm32f0xx_hal_tim.o
       100         12          0          0          0       2281   stm32f0xx_hal_tim_ex.o
        76         18          0          0          0       3805   stm32f0xx_it.o
         2          0         16          4          0       1063   system_stm32f0xx.o
       380         44          0          0        216       2750   tim.o

    ----------------------------------------------------------------------
     11508        768        254        160       2512     398846   Object Totals
         0          0         32          0          0          0   (incl. Generated)
        16          0          1          0          0          0   (incl. Padding)

    ----------------------------------------------------------------------

      Code (inc. data)   RO Data    RW Data    ZI Data      Debug   Library Member Name

         0          0          0          0          0          0   entry.o
         0          0          0          0          0          0   entry10a.o
         0          0          0          0          0          0   entry11a.o
         8          4          0          0          0          0   entry2.o
         4          0          0          0          0          0   entry5.o
         0          0          0          0          0          0   entry7b.o
         0          0          0          0          0          0   entry8b.o
         8          4          0          0          0          0   entry9a.o
        30          0          0          0          0          0   handlers.o
        40          0          0          0          0         72   idiv.o
        36          8          0          0          0         68   init.o
         0          0          0          0          0          0   iusefp.o
        32          0          0          0          0         68   llshl.o
        38          0          0          0          0         68   llsshr.o
        34          0          0          0          0         68   llushr.o
        36          0          0          0          0        100   memseta.o
        44          0          0          0          0         72   uidiv.o
        96          0          0          0          0         84   uldiv.o
        40          2          0          0          0         68   cdrcmple.o
        20          0          0          0          0         68   cfcmple.o
        20          0          0          0          0         68   cfrcmple.o
        56          0          0          0          0         68   d2f.o
       356          4          0          0          0        140   dadd.o
       240          6          0          0          0         84   ddiv.o
       236          0          0          0          0        216   depilogue.o
        40          6          0          0          0         68   dflti.o
        28          4          0          0          0         68   dfltui.o
       208          6          0          0          0         88   dmul.o
        44          0          0          0          0         72   dscalb.o
       178          0          0          0          0        108   fadd.o
       130          0          0          0          0        144   fepilogue.o
        22          0          0          0          0         68   fflti.o

    ----------------------------------------------------------------------
      2030         44          0          0          0       1928   Library Totals
         6          0          0          0          0          0   (incl. Padding)

    ----------------------------------------------------------------------

      Code (inc. data)   RO Data    RW Data    ZI Data      Debug   Library Name

       406         16          0          0          0        600   mc_p.l
      1618         28          0          0          0       1328   mf_p.l

    ----------------------------------------------------------------------
      2030         44          0          0          0       1928   Library Totals

    ----------------------------------------------------------------------

==============================================================================


      Code (inc. data)   RO Data    RW Data    ZI Data      Debug   

     13538        812        254        160       2512     395534   Grand Totals
     13538        812        254        160       2512     395534   ELF Image Totals
     13538        812        254        160          0          0   ROM Totals

==============================================================================

    Total RO  Size (Code + RO Data)                13792 (  13.47kB)
    Total RW  Size (RW Data + ZI Data)              2672 (   2.61kB)
    Total ROM Size (Code + RO Data + RW Data)      13952 (  13.63kB)

==============================================================================

